Archive member included to satisfy reference by file (symbol)

D:/devkitPro/libgba/lib\libgba.a(input.o)
                              main.o (scanKeys)
d:/devkitpro/devkitarm/bin/../lib/gcc/arm-none-eabi/11.1.0/../../../../arm-none-eabi/lib/thumb\libstdc++.a(functexcept.o)
                              main.o (std::__throw_out_of_range_fmt(char const*, ...))
d:/devkitpro/devkitarm/bin/../lib/gcc/arm-none-eabi/11.1.0/../../../../arm-none-eabi/lib/thumb\libstdc++.a(snprintf_lite.o)
                              d:/devkitpro/devkitarm/bin/../lib/gcc/arm-none-eabi/11.1.0/../../../../arm-none-eabi/lib/thumb\libstdc++.a(functexcept.o) (__gnu_cxx::__snprintf_lite(char*, unsigned int, char const*, std::__va_list))
d:/devkitpro/devkitarm/bin/../lib/gcc/arm-none-eabi/11.1.0/../../../../arm-none-eabi/lib/thumb\libstdc++.a(bad_alloc.o)
                              d:/devkitpro/devkitarm/bin/../lib/gcc/arm-none-eabi/11.1.0/../../../../arm-none-eabi/lib/thumb\libstdc++.a(functexcept.o) (std::bad_alloc::~bad_alloc())
d:/devkitpro/devkitarm/bin/../lib/gcc/arm-none-eabi/11.1.0/../../../../arm-none-eabi/lib/thumb\libstdc++.a(bad_array_new.o)
                              d:/devkitpro/devkitarm/bin/../lib/gcc/arm-none-eabi/11.1.0/../../../../arm-none-eabi/lib/thumb\libstdc++.a(functexcept.o) (std::bad_array_new_length::~bad_array_new_length())
d:/devkitpro/devkitarm/bin/../lib/gcc/arm-none-eabi/11.1.0/../../../../arm-none-eabi/lib/thumb\libstdc++.a(bad_cast.o)
                              d:/devkitpro/devkitarm/bin/../lib/gcc/arm-none-eabi/11.1.0/../../../../arm-none-eabi/lib/thumb\libstdc++.a(functexcept.o) (std::bad_cast::~bad_cast())
d:/devkitpro/devkitarm/bin/../lib/gcc/arm-none-eabi/11.1.0/../../../../arm-none-eabi/lib/thumb\libstdc++.a(bad_typeid.o)
                              d:/devkitpro/devkitarm/bin/../lib/gcc/arm-none-eabi/11.1.0/../../../../arm-none-eabi/lib/thumb\libstdc++.a(functexcept.o) (std::bad_typeid::~bad_typeid())
d:/devkitpro/devkitarm/bin/../lib/gcc/arm-none-eabi/11.1.0/../../../../arm-none-eabi/lib/thumb\libstdc++.a(del_ops.o)
                              d:/devkitpro/devkitarm/bin/../lib/gcc/arm-none-eabi/11.1.0/../../../../arm-none-eabi/lib/thumb\libstdc++.a(bad_alloc.o) (operator delete(void*, unsigned int))
d:/devkitpro/devkitarm/bin/../lib/gcc/arm-none-eabi/11.1.0/../../../../arm-none-eabi/lib/thumb\libstdc++.a(eh_alloc.o)
                              d:/devkitpro/devkitarm/bin/../lib/gcc/arm-none-eabi/11.1.0/../../../../arm-none-eabi/lib/thumb\libstdc++.a(functexcept.o) (__cxa_allocate_exception)
d:/devkitpro/devkitarm/bin/../lib/gcc/arm-none-eabi/11.1.0/../../../../arm-none-eabi/lib/thumb\libstdc++.a(eh_arm.o)
                              d:/devkitpro/devkitarm/bin/../lib/gcc/arm-none-eabi/11.1.0/../../../../arm-none-eabi/lib/thumb\libstdc++.a(functexcept.o) (__cxa_end_cleanup)
d:/devkitpro/devkitarm/bin/../lib/gcc/arm-none-eabi/11.1.0/../../../../arm-none-eabi/lib/thumb\libstdc++.a(eh_exception.o)
                              d:/devkitpro/devkitarm/bin/../lib/gcc/arm-none-eabi/11.1.0/../../../../arm-none-eabi/lib/thumb\libstdc++.a(bad_alloc.o) (std::exception::~exception())
d:/devkitpro/devkitarm/bin/../lib/gcc/arm-none-eabi/11.1.0/../../../../arm-none-eabi/lib/thumb\libstdc++.a(eh_globals.o)
                              d:/devkitpro/devkitarm/bin/../lib/gcc/arm-none-eabi/11.1.0/../../../../arm-none-eabi/lib/thumb\libstdc++.a(eh_arm.o) (__cxa_get_globals)
d:/devkitpro/devkitarm/bin/../lib/gcc/arm-none-eabi/11.1.0/../../../../arm-none-eabi/lib/thumb\libstdc++.a(eh_personality.o)
                              d:/devkitpro/devkitarm/bin/../lib/gcc/arm-none-eabi/11.1.0/../../../../arm-none-eabi/lib/thumb\libstdc++.a(functexcept.o) (__gxx_personality_v0)
d:/devkitpro/devkitarm/bin/../lib/gcc/arm-none-eabi/11.1.0/../../../../arm-none-eabi/lib/thumb\libstdc++.a(eh_terminate.o)
                              d:/devkitpro/devkitarm/bin/../lib/gcc/arm-none-eabi/11.1.0/../../../../arm-none-eabi/lib/thumb\libstdc++.a(eh_alloc.o) (std::terminate())
d:/devkitpro/devkitarm/bin/../lib/gcc/arm-none-eabi/11.1.0/../../../../arm-none-eabi/lib/thumb\libstdc++.a(eh_throw.o)
                              d:/devkitpro/devkitarm/bin/../lib/gcc/arm-none-eabi/11.1.0/../../../../arm-none-eabi/lib/thumb\libstdc++.a(functexcept.o) (__cxa_throw)
d:/devkitpro/devkitarm/bin/../lib/gcc/arm-none-eabi/11.1.0/../../../../arm-none-eabi/lib/thumb\libstdc++.a(eh_unex_handler.o)
                              d:/devkitpro/devkitarm/bin/../lib/gcc/arm-none-eabi/11.1.0/../../../../arm-none-eabi/lib/thumb\libstdc++.a(eh_terminate.o) (__cxxabiv1::__unexpected_handler)
d:/devkitpro/devkitarm/bin/../lib/gcc/arm-none-eabi/11.1.0/../../../../arm-none-eabi/lib/thumb\libstdc++.a(si_class_type_info.o)
                              d:/devkitpro/devkitarm/bin/../lib/gcc/arm-none-eabi/11.1.0/../../../../arm-none-eabi/lib/thumb\libstdc++.a(bad_alloc.o) (vtable for __cxxabiv1::__si_class_type_info)
[...]
Memory Configuration

Name             Origin             Length             Attributes
rom              0x0000000008000000 0x0000000002000000
iwram            0x0000000003000000 0x0000000000008000
ewram            0x0000000002000000 0x0000000000040000
*default*        0x0000000000000000 0xffffffffffffffff

Linker script and memory map

                0x0000000008000000                __text_start = ORIGIN (rom)
                0x0000000002040000                __eheap_end = (ORIGIN (ewram) + LENGTH (ewram))
                0x0000000003000000                __iwram_start = ORIGIN (iwram)
                0x0000000003008000                __iwram_top = (ORIGIN (iwram) + LENGTH (iwram))
                0x0000000003007fa0                __sp_irq = (__iwram_top - 0x60)
                0x0000000003007f00                __sp_usr = (__sp_irq - 0xa0)
                0x0000000003007ff8                __irq_flags = 0x3007ff8
                0x0000000008000000                . = __text_start

.crt0           0x0000000008000000      0x210
 *(.crt0)
 .crt0          0x0000000008000000      0x210 d:/devkitpro/devkitarm/bin/../lib/gcc/arm-none-eabi/11.1.0/../../../../arm-none-eabi/lib/thumb/gba_crt0.o
                0x0000000008000000                _start
                0x00000000080000c4                __boot_method
                0x00000000080000c5                __slave_number
                0x00000000080000e0                start_vector
                0x0000000008000210                . = ALIGN (0x4)

.init           0x0000000008000210        0xc
 *(SORT_NONE(.init))
 .init          0x0000000008000210        0x4 d:/devkitpro/devkitarm/bin/../lib/gcc/arm-none-eabi/11.1.0/thumb/crti.o
                0x0000000008000210                _init
 .init          0x0000000008000214        0x8 d:/devkitpro/devkitarm/bin/../lib/gcc/arm-none-eabi/11.1.0/thumb/crtn.o

.plt            0x000000000800021c        0x0
 *(.plt)
                0x000000000800021c                . = ALIGN (0x4)

.text           0x0000000008000220     0x3e90
 *(EXCLUDE_FILE(*.iwram*) .text*)
 .text.__do_global_dtors_aux
                0x0000000008000220       0x2c d:/devkitpro/devkitarm/bin/../lib/gcc/arm-none-eabi/11.1.0/thumb/crtbegin.o
 .text.frame_dummy
                0x000000000800024c       0x24 d:/devkitpro/devkitarm/bin/../lib/gcc/arm-none-eabi/11.1.0/thumb/crtbegin.o
 .text.startup  0x0000000008000270      0x718 main.o
                0x0000000008000270                main
 .text          0x0000000008000988       0xbc D:/devkitPro/libgba/lib\libgba.a(input.o)
                0x0000000008000988                setRepeat
                0x0000000008000994                scanKeys
                0x0000000008000a08                keysDownRepeat
                0x0000000008000a18                keysDown
                0x0000000008000a28                keysUp
                0x0000000008000a38                keysHeld
 .text.unlikely._ZSt17__throw_bad_allocv
                0x0000000008000a44       0x20 d:/devkitpro/devkitarm/bin/../lib/gcc/arm-none-eabi/11.1.0/../../../../arm-none-eabi/lib/thumb\libstdc++.a(functexcept.o)
                0x0000000008000a44                std::__throw_bad_alloc()
 .text.unlikely._ZSt19__throw_logic_errorPKc
                0x0000000008000a64       0x30 d:/devkitpro/devkitarm/bin/../lib/gcc/arm-none-eabi/11.1.0/../../../../arm-none-eabi/lib/thumb\libstdc++.a(functexcept.o)
                0x0000000008000a64                std::__throw_logic_error(char const*)
 .text.unlikely._ZSt20__throw_length_errorPKc
                0x0000000008000a94       0x30 d:/devkitpro/devkitarm/bin/../lib/gcc/arm-none-eabi/11.1.0/../../../../arm-none-eabi/lib/thumb\libstdc++.a(functexcept.o)
                0x0000000008000a94                std::__throw_length_error(char const*)
 .text._ZSt24__throw_out_of_range_fmtPKcz
                0x0000000008000ac4       0x68 d:/devkitpro/devkitarm/bin/../lib/gcc/arm-none-eabi/11.1.0/../../../../arm-none-eabi/lib/thumb\libstdc++.a(functexcept.o)
                0x0000000008000ac4                std::__throw_out_of_range_fmt(char const*, ...)
 .text._ZN9__gnu_cxx26__throw_insufficient_spaceEPKcS1_
                0x0000000008000b2c       0x50 d:/devkitpro/devkitarm/bin/../lib/gcc/arm-none-eabi/11.1.0/../../../../arm-none-eabi/lib/thumb\libstdc++.a(snprintf_lite.o)
                0x0000000008000b2c                __gnu_cxx::__throw_insufficient_space(char const*, char const*)
 .text._ZN9__gnu_cxx15__concat_size_tEPcjj
                0x0000000008000b7c       0x80 d:/devkitpro/devkitarm/bin/../lib/gcc/arm-none-eabi/11.1.0/../../../../arm-none-eabi/lib/thumb\libstdc++.a(snprintf_lite.o)
                0x0000000008000b7c                __gnu_cxx::__concat_size_t(char*, unsigned int, unsigned int)
 .text._ZN9__gnu_cxx15__snprintf_liteEPcjPKcSt9__va_list
                0x0000000008000bfc       0xb4 d:/devkitpro/devkitarm/bin/../lib/gcc/arm-none-eabi/11.1.0/../../../../arm-none-eabi/lib/thumb\libstdc++.a(snprintf_lite.o)
                0x0000000008000bfc                __gnu_cxx::__snprintf_lite(char*, unsigned int, char const*, std::__va_list)
 .text._ZNKSt9bad_alloc4whatEv
                0x0000000008000cb0        0x8 d:/devkitpro/devkitarm/bin/../lib/gcc/arm-none-eabi/11.1.0/../../../../arm-none-eabi/lib/thumb\libstdc++.a(bad_alloc.o)
                0x0000000008000cb0                std::bad_alloc::what() const
 .text._ZNSt9bad_allocD2Ev
                0x0000000008000cb8       0x1c d:/devkitpro/devkitarm/bin/../lib/gcc/arm-none-eabi/11.1.0/../../../../arm-none-eabi/lib/thumb\libstdc++.a(bad_alloc.o)
                0x0000000008000cb8                std::bad_alloc::~bad_alloc()
                0x0000000008000cb8                std::bad_alloc::~bad_alloc()
 .text._ZNSt9bad_allocD0Ev
                0x0000000008000cd4       0x24 d:/devkitpro/devkitarm/bin/../lib/gcc/arm-none-eabi/11.1.0/../../../../arm-none-eabi/lib/thumb\libstdc++.a(bad_alloc.o)
                0x0000000008000cd4                std::bad_alloc::~bad_alloc()
 .text._ZdlPvj  0x0000000008000cf8        0xc d:/devkitpro/devkitarm/bin/../lib/gcc/arm-none-eabi/11.1.0/../../../../arm-none-eabi/lib/thumb\libstdc++.a(del_ops.o)
                0x0000000008000cf8                operator delete(void*, unsigned int)
 .text._ZN12_GLOBAL__N_14pool4freeEPv.constprop.0
                0x0000000008000d04       0x7c d:/devkitpro/devkitarm/bin/../lib/gcc/arm-none-eabi/11.1.0/../../../../arm-none-eabi/lib/thumb\libstdc++.a(eh_alloc.o)
 .text._ZN12_GLOBAL__N_14pool8allocateEj.constprop.0
                0x0000000008000d80       0x54 d:/devkitpro/devkitarm/bin/../lib/gcc/arm-none-eabi/11.1.0/../../../../arm-none-eabi/lib/thumb\libstdc++.a(eh_alloc.o)
 .text.__cxa_allocate_exception
                0x0000000008000dd4       0x30 d:/devkitpro/devkitarm/bin/../lib/gcc/arm-none-eabi/11.1.0/../../../../arm-none-eabi/lib/thumb\libstdc++.a(eh_alloc.o)
                0x0000000008000dd4                __cxa_allocate_exception
 .text.__cxa_free_exception
                0x0000000008000e04       0x28 d:/devkitpro/devkitarm/bin/../lib/gcc/arm-none-eabi/11.1.0/../../../../arm-none-eabi/lib/thumb\libstdc++.a(eh_alloc.o)
                0x0000000008000e04                __cxa_free_exception
 .text.startup._GLOBAL__sub_I__ZN9__gnu_cxx9__freeresEv
                0x0000000008000e2c       0x30 d:/devkitpro/devkitarm/bin/../lib/gcc/arm-none-eabi/11.1.0/../../../../arm-none-eabi/lib/thumb\libstdc++.a(eh_alloc.o)
 .text.__cxa_end_cleanup
                0x0000000008000e5c        0xc d:/devkitpro/devkitarm/bin/../lib/gcc/arm-none-eabi/11.1.0/../../../../arm-none-eabi/lib/thumb\libstdc++.a(eh_arm.o)
                0x0000000008000e5c                __cxa_end_cleanup
 .text.__cxa_type_match
                0x0000000008000e68       0xc8 d:/devkitpro/devkitarm/bin/../lib/gcc/arm-none-eabi/11.1.0/../../../../arm-none-eabi/lib/thumb\libstdc++.a(eh_arm.o)
                0x0000000008000e68                __cxa_type_match
 .text.__cxa_begin_cleanup
                0x0000000008000f30       0x64 d:/devkitpro/devkitarm/bin/../lib/gcc/arm-none-eabi/11.1.0/../../../../arm-none-eabi/lib/thumb\libstdc++.a(eh_arm.o)
                0x0000000008000f30                __cxa_begin_cleanup
 .text.__gnu_end_cleanup
                0x0000000008000f94       0x74 d:/devkitpro/devkitarm/bin/../lib/gcc/arm-none-eabi/11.1.0/../../../../arm-none-eabi/lib/thumb\libstdc++.a(eh_arm.o)
                0x0000000008000f94                __gnu_end_cleanup
 .text._ZNSt9exceptionD2Ev
                0x0000000008001008        0x4 d:/devkitpro/devkitarm/bin/../lib/gcc/arm-none-eabi/11.1.0/../../../../arm-none-eabi/lib/thumb\libstdc++.a(eh_exception.o)
                0x0000000008001008                std::exception::~exception()
                0x0000000008001008                std::exception::~exception()
 .text._ZNSt13bad_exceptionD2Ev
                0x000000000800100c        0x4 d:/devkitpro/devkitarm/bin/../lib/gcc/arm-none-eabi/11.1.0/../../../../arm-none-eabi/lib/thumb\libstdc++.a(eh_exception.o)
                0x000000000800100c                std::bad_exception::~bad_exception()
                0x000000000800100c                std::bad_exception::~bad_exception()
 .text._ZNKSt13bad_exception4whatEv
                0x0000000008001010        0x8 d:/devkitpro/devkitarm/bin/../lib/gcc/arm-none-eabi/11.1.0/../../../../arm-none-eabi/lib/thumb\libstdc++.a(eh_exception.o)
                0x0000000008001010                std::bad_exception::what() const
                0x0000000008001010                transaction clone for std::bad_exception::what() const
 .text._ZNSt13bad_exceptionD0Ev
                0x0000000008001018       0x14 d:/devkitpro/devkitarm/bin/../lib/gcc/arm-none-eabi/11.1.0/../../../../arm-none-eabi/lib/thumb\libstdc++.a(eh_exception.o)
                0x0000000008001018                std::bad_exception::~bad_exception()
 .text.__cxa_get_globals_fast
                0x000000000800102c        0x8 d:/devkitpro/devkitarm/bin/../lib/gcc/arm-none-eabi/11.1.0/../../../../arm-none-eabi/lib/thumb\libstdc++.a(eh_globals.o)
                0x000000000800102c                __cxa_get_globals_fast
 .text.__cxa_get_globals
                0x0000000008001034        0x8 d:/devkitpro/devkitarm/bin/../lib/gcc/arm-none-eabi/11.1.0/../../../../arm-none-eabi/lib/thumb\libstdc++.a(eh_globals.o)
                0x0000000008001034                __cxa_get_globals
 .text._ZL28read_encoded_value_with_basehjPKhPj
                0x000000000800103c      0x110 d:/devkitpro/devkitarm/bin/../lib/gcc/arm-none-eabi/11.1.0/../../../../arm-none-eabi/lib/thumb\libstdc++.a(eh_personality.o)
 .text._ZL21base_of_encoded_valuehP15_Unwind_Context
                0x000000000800114c       0x4c d:/devkitpro/devkitarm/bin/../lib/gcc/arm-none-eabi/11.1.0/../../../../arm-none-eabi/lib/thumb\libstdc++.a(eh_personality.o)
 .text._ZL17parse_lsda_headerP15_Unwind_ContextPKhP16lsda_header_info
                0x0000000008001198       0x94 d:/devkitpro/devkitarm/bin/../lib/gcc/arm-none-eabi/11.1.0/../../../../arm-none-eabi/lib/thumb\libstdc++.a(eh_personality.o)
 .text.__gxx_personality_v0
                0x000000000800122c      0x4bc d:/devkitpro/devkitarm/bin/../lib/gcc/arm-none-eabi/11.1.0/../../../../arm-none-eabi/lib/thumb\libstdc++.a(eh_personality.o)
                0x000000000800122c                __gxx_personality_v0
 .text._ZN10__cxxabiv111__terminateEPFvvE
                0x00000000080016e8       0x14 d:/devkitpro/devkitarm/bin/../lib/gcc/arm-none-eabi/11.1.0/../../../../arm-none-eabi/lib/thumb\libstdc++.a(eh_terminate.o)
                0x00000000080016e8                __cxxabiv1::__terminate(void (*)())
 .text._ZSt9terminatev
                0x00000000080016fc       0x10 d:/devkitpro/devkitarm/bin/../lib/gcc/arm-none-eabi/11.1.0/../../../../arm-none-eabi/lib/thumb\libstdc++.a(eh_terminate.o)
                0x00000000080016fc                std::terminate()
 .text._ZN10__cxxabiv112__unexpectedEPFvvE
                0x000000000800170c        0xc d:/devkitpro/devkitarm/bin/../lib/gcc/arm-none-eabi/11.1.0/../../../../arm-none-eabi/lib/thumb\libstdc++.a(eh_terminate.o)
                0x000000000800170c                __cxxabiv1::__unexpected(void (*)())
 .text._ZSt10unexpectedv
                0x0000000008001718       0x10 d:/devkitpro/devkitarm/bin/../lib/gcc/arm-none-eabi/11.1.0/../../../../arm-none-eabi/lib/thumb\libstdc++.a(eh_terminate.o)
                0x0000000008001718                std::unexpected()
 .text._ZSt13get_terminatev
                0x0000000008001728        0xc d:/devkitpro/devkitarm/bin/../lib/gcc/arm-none-eabi/11.1.0/../../../../arm-none-eabi/lib/thumb\libstdc++.a(eh_terminate.o)
                0x0000000008001728                std::get_terminate()
 .text._ZSt14get_unexpectedv
                0x0000000008001734        0xc d:/devkitpro/devkitarm/bin/../lib/gcc/arm-none-eabi/11.1.0/../../../../arm-none-eabi/lib/thumb\libstdc++.a(eh_terminate.o)
                0x0000000008001734                std::get_unexpected()
 .text._ZL23__gxx_exception_cleanup19_Unwind_Reason_CodeP21_Unwind_Control_Block
                0x0000000008001740       0x3c d:/devkitpro/devkitarm/bin/../lib/gcc/arm-none-eabi/11.1.0/../../../../arm-none-eabi/lib/thumb\libstdc++.a(eh_throw.o)
 .text.__cxa_init_primary_exception
                0x000000000800177c       0x50 d:/devkitpro/devkitarm/bin/../lib/gcc/arm-none-eabi/11.1.0/../../../../arm-none-eabi/lib/thumb\libstdc++.a(eh_throw.o)
                0x000000000800177c                __cxa_init_primary_exception
 .text.__cxa_throw
                0x00000000080017cc       0x34 d:/devkitpro/devkitarm/bin/../lib/gcc/arm-none-eabi/11.1.0/../../../../arm-none-eabi/lib/thumb\libstdc++.a(eh_throw.o)
                0x00000000080017cc                __cxa_throw
 .text.__cxa_rethrow
                0x0000000008001800       0x70 d:/devkitpro/devkitarm/bin/../lib/gcc/arm-none-eabi/11.1.0/../../../../arm-none-eabi/lib/thumb\libstdc++.a(eh_throw.o)
                0x0000000008001800                __cxa_rethrow
 .text._ZN10__cxxabiv120__si_class_type_infoD2Ev
                0x0000000008001870       0x1c d:/devkitpro/devkitarm/bin/../lib/gcc/arm-none-eabi/11.1.0/../../../../arm-none-eabi/lib/thumb\libstdc++.a(si_class_type_info.o)
                0x0000000008001870                __cxxabiv1::__si_class_type_info::~__si_class_type_info()
                0x0000000008001870                __cxxabiv1::__si_class_type_info::~__si_class_type_info()
 .text._ZN10__cxxabiv120__si_class_type_infoD0Ev
                0x000000000800188c       0x24 d:/devkitpro/devkitarm/bin/../lib/gcc/arm-none-eabi/11.1.0/../../../../arm-none-eabi/lib/thumb\libstdc++.a(si_class_type_info.o)
                0x000000000800188c                __cxxabiv1::__si_class_type_info::~__si_class_type_info()
 .text._ZNK10__cxxabiv120__si_class_type_info20__do_find_public_srcEiPKvPKNS_17__class_type_infoES2_
                0x00000000080018b0       0x40 d:/devkitpro/devkitarm/bin/../lib/gcc/arm-none-eabi/11.1.0/../../../../arm-none-eabi/lib/thumb\libstdc++.a(si_class_type_info.o)
                0x00000000080018b0                __cxxabiv1::__si_class_type_info::__do_find_public_src(int, void const*, __cxxabiv1::__class_type_info const*, void const*) const
 .text._ZNK10__cxxabiv120__si_class_type_info12__do_dyncastEiNS_17__class_type_info10__sub_kindEPKS1_PKvS4_S6_RNS1_16__dyncast_resultE
                0x00000000080018f0       0xa4 d:/devkitpro/devkitarm/bin/../lib/gcc/arm-none-eabi/11.1.0/../../../../arm-none-eabi/lib/thumb\libstdc++.a(si_class_type_info.o)
                0x00000000080018f0                __cxxabiv1::__si_class_type_info::__do_dyncast(int, __cxxabiv1::__class_type_info::__sub_kind, __cxxabiv1::__class_type_info const*, void const*, __cxxabiv1::__class_type_info const*, void const*, __cxxabiv1::__class_type_info::__dyncast_result&) const
 .text._ZNK10__cxxabiv120__si_class_type_info11__do_upcastEPKNS_17__class_type_infoEPKvRNS1_15__upcast_resultE
                0x0000000008001994       0x2c d:/devkitpro/devkitarm/bin/../lib/gcc/arm-none-eabi/11.1.0/../../../../arm-none-eabi/lib/thumb\libstdc++.a(si_class_type_info.o)
                0x0000000008001994                __cxxabiv1::__si_class_type_info::__do_upcast(__cxxabiv1::__class_type_info const*, void const*, __cxxabiv1::__class_type_info::__upcast_result&) const
 .text._ZNSt9type_infoD2Ev
                0x00000000080019c0        0x4 d:/devkitpro/devkitarm/bin/../lib/gcc/arm-none-eabi/11.1.0/../../../../arm-none-eabi/lib/thumb\libstdc++.a(tinfo.o)
                0x00000000080019c0                std::type_info::~type_info()
                0x00000000080019c0                std::type_info::~type_info()
 .text._ZNKSt9type_info14__is_pointer_pEv
                0x00000000080019c4        0x4 d:/devkitpro/devkitarm/bin/../lib/gcc/arm-none-eabi/11.1.0/../../../../arm-none-eabi/lib/thumb\libstdc++.a(tinfo.o)
                0x00000000080019c4                std::type_info::__is_pointer_p() const
                0x00000000080019c4                std::type_info::__is_function_p() const
 .text._ZNKSt9type_infoeqERKS_
                0x00000000080019c8       0x30 d:/devkitpro/devkitarm/bin/../lib/gcc/arm-none-eabi/11.1.0/../../../../arm-none-eabi/lib/thumb\libstdc++.a(tinfo.o)
                0x00000000080019c8                std::type_info::operator==(std::type_info const&) const
 .text._ZNKSt11logic_error4whatEv
                0x00000000080019f8        0x4 d:/devkitpro/devkitarm/bin/../lib/gcc/arm-none-eabi/11.1.0/../../../../arm-none-eabi/lib/thumb\libstdc++.a(stdexcept.o)
                0x00000000080019f8                std::logic_error::what() const
                0x00000000080019f8                std::runtime_error::what() const
 .text._ZNSt11logic_errorD2Ev
                0x00000000080019fc       0x44 d:/devkitpro/devkitarm/bin/../lib/gcc/arm-none-eabi/11.1.0/../../../../arm-none-eabi/lib/thumb\libstdc++.a(stdexcept.o)
                0x00000000080019fc                std::logic_error::~logic_error()
                0x00000000080019fc                std::logic_error::~logic_error()
 .text._ZNSt12length_errorD2Ev
                0x0000000008001a40       0x44 d:/devkitpro/devkitarm/bin/../lib/gcc/arm-none-eabi/11.1.0/../../../../arm-none-eabi/lib/thumb\libstdc++.a(stdexcept.o)
                0x0000000008001a40                std::length_error::~length_error()
                0x0000000008001a40                std::length_error::~length_error()
 .text._ZNSt12out_of_rangeD2Ev
                0x0000000008001a84       0x44 d:/devkitpro/devkitarm/bin/../lib/gcc/arm-none-eabi/11.1.0/../../../../arm-none-eabi/lib/thumb\libstdc++.a(stdexcept.o)
                0x0000000008001a84                std::out_of_range::~out_of_range()
                0x0000000008001a84                std::out_of_range::~out_of_range()
 .text._ZNSt11logic_errorD0Ev
                0x0000000008001ac8       0x4c d:/devkitpro/devkitarm/bin/../lib/gcc/arm-none-eabi/11.1.0/../../../../arm-none-eabi/lib/thumb\libstdc++.a(stdexcept.o)
                0x0000000008001ac8                std::logic_error::~logic_error()
 .text._ZNSt12out_of_rangeD0Ev
                0x0000000008001b14       0x4c d:/devkitpro/devkitarm/bin/../lib/gcc/arm-none-eabi/11.1.0/../../../../arm-none-eabi/lib/thumb\libstdc++.a(stdexcept.o)
                0x0000000008001b14                std::out_of_range::~out_of_range()
 .text._ZNSt12length_errorD0Ev
                0x0000000008001b60       0x4c d:/devkitpro/devkitarm/bin/../lib/gcc/arm-none-eabi/11.1.0/../../../../arm-none-eabi/lib/thumb\libstdc++.a(stdexcept.o)
                0x0000000008001b60                std::length_error::~length_error()
 .text._ZNSt11logic_errorC2EPKc
                0x0000000008001bac       0x8c d:/devkitpro/devkitarm/bin/../lib/gcc/arm-none-eabi/11.1.0/../../../../arm-none-eabi/lib/thumb\libstdc++.a(cow-stdexcept.o)
                0x0000000008001bac                std::logic_error::logic_error(char const*)
                0x0000000008001bac                std::logic_error::logic_error(char const*)
 .text._ZNSt12length_errorC2EPKc
                0x0000000008001c38       0x18 d:/devkitpro/devkitarm/bin/../lib/gcc/arm-none-eabi/11.1.0/../../../../arm-none-eabi/lib/thumb\libstdc++.a(cow-stdexcept.o)
                0x0000000008001c38                std::length_error::length_error(char const*)
                0x0000000008001c38                std::length_error::length_error(char const*)
 .text._ZNSt12out_of_rangeC2EPKc
                0x0000000008001c50       0x18 d:/devkitpro/devkitarm/bin/../lib/gcc/arm-none-eabi/11.1.0/../../../../arm-none-eabi/lib/thumb\libstdc++.a(cow-stdexcept.o)
                0x0000000008001c50                std::out_of_range::out_of_range(char const*)
                0x0000000008001c50                std::out_of_range::out_of_range(char const*)
 .text._ZNSs4_Rep9_S_createEjjRKSaIcE
                0x0000000008001c68       0x64 d:/devkitpro/devkitarm/bin/../lib/gcc/arm-none-eabi/11.1.0/../../../../arm-none-eabi/lib/thumb\libstdc++.a(cow-string-inst.o)
                0x0000000008001c68                std::string::_Rep::_S_create(unsigned int, unsigned int, std::allocator<char> const&)
 .text._ZNSs4_Rep10_M_destroyERKSaIcE
                0x0000000008001ccc        0xc d:/devkitpro/devkitarm/bin/../lib/gcc/arm-none-eabi/11.1.0/../../../../arm-none-eabi/lib/thumb\libstdc++.a(cow-string-inst.o)
                0x0000000008001ccc                std::string::_Rep::_M_destroy(std::allocator<char> const&)
 .text._ZNK10__cxxabiv117__class_type_info11__do_upcastEPKS0_PPv
                0x0000000008001cd8       0x3c d:/devkitpro/devkitarm/bin/../lib/gcc/arm-none-eabi/11.1.0/../../../../arm-none-eabi/lib/thumb\libstdc++.a(class_type_info.o)
                0x0000000008001cd8                __cxxabiv1::__class_type_info::__do_upcast(__cxxabiv1::__class_type_info const*, void**) const
 .text._ZNK10__cxxabiv117__class_type_info20__do_find_public_srcEiPKvPKS0_S2_
                0x0000000008001d14       0x14 d:/devkitpro/devkitarm/bin/../lib/gcc/arm-none-eabi/11.1.0/../../../../arm-none-eabi/lib/thumb\libstdc++.a(class_type_info.o)
                0x0000000008001d14                __cxxabiv1::__class_type_info::__do_find_public_src(int, void const*, __cxxabiv1::__class_type_info const*, void const*) const
 .text._ZN10__cxxabiv117__class_type_infoD2Ev
                0x0000000008001d28       0x1c d:/devkitpro/devkitarm/bin/../lib/gcc/arm-none-eabi/11.1.0/../../../../arm-none-eabi/lib/thumb\libstdc++.a(class_type_info.o)
                0x0000000008001d28                __cxxabiv1::__class_type_info::~__class_type_info()
                0x0000000008001d28                __cxxabiv1::__class_type_info::~__class_type_info()
 .text._ZN10__cxxabiv117__class_type_infoD0Ev
                0x0000000008001d44       0x24 d:/devkitpro/devkitarm/bin/../lib/gcc/arm-none-eabi/11.1.0/../../../../arm-none-eabi/lib/thumb\libstdc++.a(class_type_info.o)
                0x0000000008001d44                __cxxabiv1::__class_type_info::~__class_type_info()
 .text._ZNK10__cxxabiv117__class_type_info12__do_dyncastEiNS0_10__sub_kindEPKS0_PKvS3_S5_RNS0_16__dyncast_resultE
                0x0000000008001d68       0x44 d:/devkitpro/devkitarm/bin/../lib/gcc/arm-none-eabi/11.1.0/../../../../arm-none-eabi/lib/thumb\libstdc++.a(class_type_info.o)
                0x0000000008001d68                __cxxabiv1::__class_type_info::__do_dyncast(int, __cxxabiv1::__class_type_info::__sub_kind, __cxxabiv1::__class_type_info const*, void const*, __cxxabiv1::__class_type_info const*, void const*, __cxxabiv1::__class_type_info::__dyncast_result&) const
 .text._ZNK10__cxxabiv117__class_type_info11__do_upcastEPKS0_PKvRNS0_15__upcast_resultE
                0x0000000008001dac       0x20 d:/devkitpro/devkitarm/bin/../lib/gcc/arm-none-eabi/11.1.0/../../../../arm-none-eabi/lib/thumb\libstdc++.a(class_type_info.o)
                0x0000000008001dac                __cxxabiv1::__class_type_info::__do_upcast(__cxxabiv1::__class_type_info const*, void const*, __cxxabiv1::__class_type_info::__upcast_result&) const
 .text._ZNK10__cxxabiv117__class_type_info10__do_catchEPKSt9type_infoPPvj
                0x0000000008001dcc       0x2c d:/devkitpro/devkitarm/bin/../lib/gcc/arm-none-eabi/11.1.0/../../../../arm-none-eabi/lib/thumb\libstdc++.a(class_type_info.o)
                0x0000000008001dcc                __cxxabiv1::__class_type_info::__do_catch(std::type_info const*, void**, unsigned int) const
 .text._ZdlPv   0x0000000008001df8        0xc d:/devkitpro/devkitarm/bin/../lib/gcc/arm-none-eabi/11.1.0/../../../../arm-none-eabi/lib/thumb\libstdc++.a(del_op.o)
                0x0000000008001df8                operator delete(void*)
 .text._ZN10__cxxabiv1L24__is_gxx_exception_classEPc
                0x0000000008001e04       0x3c d:/devkitpro/devkitarm/bin/../lib/gcc/arm-none-eabi/11.1.0/../../../../arm-none-eabi/lib/thumb\libstdc++.a(eh_call.o)
 .text.__cxa_call_terminate
                0x0000000008001e40       0x20 d:/devkitpro/devkitarm/bin/../lib/gcc/arm-none-eabi/11.1.0/../../../../arm-none-eabi/lib/thumb\libstdc++.a(eh_call.o)
                0x0000000008001e40                __cxa_call_terminate
 .text.unlikely.__cxa_call_unexpected
                0x0000000008001e60      0x104 d:/devkitpro/devkitarm/bin/../lib/gcc/arm-none-eabi/11.1.0/../../../../arm-none-eabi/lib/thumb\libstdc++.a(eh_call.o)
                0x0000000008001e60                __cxa_call_unexpected
 .text.__cxa_begin_catch
                0x0000000008001f64       0x78 d:/devkitpro/devkitarm/bin/../lib/gcc/arm-none-eabi/11.1.0/../../../../arm-none-eabi/lib/thumb\libstdc++.a(eh_catch.o)
                0x0000000008001f64                __cxa_begin_catch
 .text.__cxa_end_catch
                0x0000000008001fdc       0x94 d:/devkitpro/devkitarm/bin/../lib/gcc/arm-none-eabi/11.1.0/../../../../arm-none-eabi/lib/thumb\libstdc++.a(eh_catch.o)
                0x0000000008001fdc                __cxa_end_catch
 .text._Znwj    0x0000000008002070       0x48 d:/devkitpro/devkitarm/bin/../lib/gcc/arm-none-eabi/11.1.0/../../../../arm-none-eabi/lib/thumb\libstdc++.a(new_op.o)
                0x0000000008002070                operator new(unsigned int)
 .text._ZSt15get_new_handlerv
                0x00000000080020b8        0xc d:/devkitpro/devkitarm/bin/../lib/gcc/arm-none-eabi/11.1.0/../../../../arm-none-eabi/lib/thumb\libstdc++.a(new_handler.o)
                0x00000000080020b8                std::get_new_handler()
 .text          0x00000000080020c4      0x11c d:/devkitpro/devkitarm/bin/../lib/gcc/arm-none-eabi/11.1.0/thumb\libgcc.a(_udivsi3.o)
                0x00000000080020c4                __aeabi_uidiv
                0x00000000080020c4                __udivsi3
                0x00000000080021c0                __aeabi_uidivmod
 .text          0x00000000080021e0        0x4 d:/devkitpro/devkitarm/bin/../lib/gcc/arm-none-eabi/11.1.0/thumb\libgcc.a(_dvmd_tls.o)
                0x00000000080021e0                __aeabi_idiv0
                0x00000000080021e0                __aeabi_ldiv0
 .text.selfrel_offset31
                0x00000000080021e4       0x18 d:/devkitpro/devkitarm/bin/../lib/gcc/arm-none-eabi/11.1.0/thumb\libgcc.a(unwind-arm.o)
 .text.search_EIT_table
                0x00000000080021fc       0x74 d:/devkitpro/devkitarm/bin/../lib/gcc/arm-none-eabi/11.1.0/thumb\libgcc.a(unwind-arm.o)
 .text.__gnu_unwind_get_pr_addr
                0x0000000008002270       0x2c d:/devkitpro/devkitarm/bin/../lib/gcc/arm-none-eabi/11.1.0/thumb\libgcc.a(unwind-arm.o)
 .text.get_eit_entry
                0x000000000800229c       0x98 d:/devkitpro/devkitarm/bin/../lib/gcc/arm-none-eabi/11.1.0/thumb\libgcc.a(unwind-arm.o)
 .text.restore_non_core_regs
                0x0000000008002334       0x5c d:/devkitpro/devkitarm/bin/../lib/gcc/arm-none-eabi/11.1.0/thumb\libgcc.a(unwind-arm.o)
 .text._Unwind_decode_typeinfo_ptr.constprop.0
                0x0000000008002390        0xc d:/devkitpro/devkitarm/bin/../lib/gcc/arm-none-eabi/11.1.0/thumb\libgcc.a(unwind-arm.o)
 .text._Unwind_DebugHook
                0x000000000800239c        0x4 d:/devkitpro/devkitarm/bin/../lib/gcc/arm-none-eabi/11.1.0/thumb\libgcc.a(unwind-arm.o)
 .text.unwind_phase2
                0x00000000080023a0       0x40 d:/devkitpro/devkitarm/bin/../lib/gcc/arm-none-eabi/11.1.0/thumb\libgcc.a(unwind-arm.o)
 .text.unwind_phase2_forced
                0x00000000080023e0       0xd8 d:/devkitpro/devkitarm/bin/../lib/gcc/arm-none-eabi/11.1.0/thumb\libgcc.a(unwind-arm.o)
 .text.__gnu_Unwind_RaiseException
                0x00000000080024b8       0x58 d:/devkitpro/devkitarm/bin/../lib/gcc/arm-none-eabi/11.1.0/thumb\libgcc.a(unwind-arm.o)
                0x00000000080024b8                __gnu_Unwind_RaiseException
 .text.__gnu_Unwind_ForcedUnwind
                0x0000000008002510       0x18 d:/devkitpro/devkitarm/bin/../lib/gcc/arm-none-eabi/11.1.0/thumb\libgcc.a(unwind-arm.o)
                0x0000000008002510                __gnu_Unwind_ForcedUnwind
 .text.__gnu_Unwind_Resume
                0x0000000008002528       0x4c d:/devkitpro/devkitarm/bin/../lib/gcc/arm-none-eabi/11.1.0/thumb\libgcc.a(unwind-arm.o)
                0x0000000008002528                __gnu_Unwind_Resume
 .text.__gnu_Unwind_Resume_or_Rethrow
                0x0000000008002574       0x20 d:/devkitpro/devkitarm/bin/../lib/gcc/arm-none-eabi/11.1.0/thumb\libgcc.a(unwind-arm.o)
                0x0000000008002574                __gnu_Unwind_Resume_or_Rethrow
 .text._Unwind_Complete
                0x0000000008002594        0x4 d:/devkitpro/devkitarm/bin/../lib/gcc/arm-none-eabi/11.1.0/thumb\libgcc.a(unwind-arm.o)
                0x0000000008002594                _Unwind_Complete
 .text._Unwind_DeleteException
                0x0000000008002598       0x18 d:/devkitpro/devkitarm/bin/../lib/gcc/arm-none-eabi/11.1.0/thumb\libgcc.a(unwind-arm.o)
                0x0000000008002598                _Unwind_DeleteException
 .text._Unwind_VRS_Get
                0x00000000080025b0       0x38 d:/devkitpro/devkitarm/bin/../lib/gcc/arm-none-eabi/11.1.0/thumb\libgcc.a(unwind-arm.o)
                0x00000000080025b0                _Unwind_VRS_Get
 .text._Unwind_GetGR
                0x00000000080025e8       0x1c d:/devkitpro/devkitarm/bin/../lib/gcc/arm-none-eabi/11.1.0/thumb\libgcc.a(unwind-arm.o)
 .text._Unwind_VRS_Set
                0x0000000008002604       0x38 d:/devkitpro/devkitarm/bin/../lib/gcc/arm-none-eabi/11.1.0/thumb\libgcc.a(unwind-arm.o)
                0x0000000008002604                _Unwind_VRS_Set
 .text._Unwind_SetGR
                0x000000000800263c       0x1c d:/devkitpro/devkitarm/bin/../lib/gcc/arm-none-eabi/11.1.0/thumb\libgcc.a(unwind-arm.o)
 .text.__gnu_Unwind_Backtrace
                0x0000000008002658       0x78 d:/devkitpro/devkitarm/bin/../lib/gcc/arm-none-eabi/11.1.0/thumb\libgcc.a(unwind-arm.o)
                0x0000000008002658                __gnu_Unwind_Backtrace
 .text.__gnu_unwind_pr_common
                0x00000000080026d0      0x2d0 d:/devkitpro/devkitarm/bin/../lib/gcc/arm-none-eabi/11.1.0/thumb\libgcc.a(unwind-arm.o)
 .text.__aeabi_unwind_cpp_pr0
                0x00000000080029a0       0x10 d:/devkitpro/devkitarm/bin/../lib/gcc/arm-none-eabi/11.1.0/thumb\libgcc.a(unwind-arm.o)
                0x00000000080029a0                __aeabi_unwind_cpp_pr0
 .text.__aeabi_unwind_cpp_pr1
                0x00000000080029b0       0x10 d:/devkitpro/devkitarm/bin/../lib/gcc/arm-none-eabi/11.1.0/thumb\libgcc.a(unwind-arm.o)
                0x00000000080029b0                __aeabi_unwind_cpp_pr1
 .text.__aeabi_unwind_cpp_pr2
                0x00000000080029c0       0x10 d:/devkitpro/devkitarm/bin/../lib/gcc/arm-none-eabi/11.1.0/thumb\libgcc.a(unwind-arm.o)
                0x00000000080029c0                __aeabi_unwind_cpp_pr2
 .text._Unwind_VRS_Pop
                0x00000000080029d0      0x2c8 d:/devkitpro/devkitarm/bin/../lib/gcc/arm-none-eabi/11.1.0/thumb\libgcc.a(unwind-arm.o)
                0x00000000080029d0                _Unwind_VRS_Pop
 .text          0x0000000008002c98      0x1d8 d:/devkitpro/devkitarm/bin/../lib/gcc/arm-none-eabi/11.1.0/thumb\libgcc.a(libunwind.o)
                0x0000000008002c98                __restore_core_regs
                0x0000000008002c98                restore_core_regs
                0x0000000008002cb4                __gnu_Unwind_Restore_VFP
                0x0000000008002cbc                __gnu_Unwind_Save_VFP
                0x0000000008002cc4                __gnu_Unwind_Restore_VFP_D
                0x0000000008002ccc                __gnu_Unwind_Save_VFP_D
                0x0000000008002cd4                __gnu_Unwind_Restore_VFP_D_16_to_31
                0x0000000008002cdc                __gnu_Unwind_Save_VFP_D_16_to_31
                0x0000000008002ce4                __gnu_Unwind_Restore_WMMXD
                0x0000000008002d28                __gnu_Unwind_Save_WMMXD
                0x0000000008002d6c                __gnu_Unwind_Restore_WMMXC
                0x0000000008002d80                __gnu_Unwind_Save_WMMXC
                0x0000000008002d94                ___Unwind_RaiseException
                0x0000000008002d94                _Unwind_RaiseException
                0x0000000008002dc0                _Unwind_Resume
                0x0000000008002dc0                ___Unwind_Resume
                0x0000000008002dec                _Unwind_Resume_or_Rethrow
                0x0000000008002dec                ___Unwind_Resume_or_Rethrow
                0x0000000008002e18                _Unwind_ForcedUnwind
                0x0000000008002e18                ___Unwind_ForcedUnwind
                0x0000000008002e44                ___Unwind_Backtrace
                0x0000000008002e44                _Unwind_Backtrace
 .text.next_unwind_byte
                0x0000000008002e70       0x34 d:/devkitpro/devkitarm/bin/../lib/gcc/arm-none-eabi/11.1.0/thumb\libgcc.a(pr-support.o)
 .text._Unwind_GetGR.constprop.0
                0x0000000008002ea4       0x1c d:/devkitpro/devkitarm/bin/../lib/gcc/arm-none-eabi/11.1.0/thumb\libgcc.a(pr-support.o)
 .text.unwind_UCB_from_context
                0x0000000008002ec0        0xc d:/devkitpro/devkitarm/bin/../lib/gcc/arm-none-eabi/11.1.0/thumb\libgcc.a(pr-support.o)
 .text.__gnu_unwind_execute
                0x0000000008002ecc      0x2fc d:/devkitpro/devkitarm/bin/../lib/gcc/arm-none-eabi/11.1.0/thumb\libgcc.a(pr-support.o)
                0x0000000008002ecc                __gnu_unwind_execute
 .text.__gnu_unwind_frame
                0x00000000080031c8       0x2c d:/devkitpro/devkitarm/bin/../lib/gcc/arm-none-eabi/11.1.0/thumb\libgcc.a(pr-support.o)
                0x00000000080031c8                __gnu_unwind_frame
 .text._Unwind_GetRegionStart
                0x00000000080031f4       0x10 d:/devkitpro/devkitarm/bin/../lib/gcc/arm-none-eabi/11.1.0/thumb\libgcc.a(pr-support.o)
                0x00000000080031f4                _Unwind_GetRegionStart
 .text._Unwind_GetLanguageSpecificData
                0x0000000008003204       0x18 d:/devkitpro/devkitarm/bin/../lib/gcc/arm-none-eabi/11.1.0/thumb\libgcc.a(pr-support.o)
                0x0000000008003204                _Unwind_GetLanguageSpecificData
 .text.unlikely._Unwind_GetDataRelBase
                0x000000000800321c        0x6 d:/devkitpro/devkitarm/bin/../lib/gcc/arm-none-eabi/11.1.0/thumb\libgcc.a(pr-support.o)
                0x000000000800321c                _Unwind_GetDataRelBase
 .text.unlikely._Unwind_GetTextRelBase
                0x0000000008003222        0x6 d:/devkitpro/devkitarm/bin/../lib/gcc/arm-none-eabi/11.1.0/thumb\libgcc.a(pr-support.o)
                0x0000000008003222                _Unwind_GetTextRelBase
 .text.abort    0x0000000008003228       0x10 d:/devkitpro/devkitarm/bin/../lib/gcc/arm-none-eabi/11.1.0/../../../../arm-none-eabi/lib/thumb\libg.a(lib_a-abort.o)
                0x0000000008003228                abort
 .text.__libc_init_array
                0x0000000008003238       0x50 d:/devkitpro/devkitarm/bin/../lib/gcc/arm-none-eabi/11.1.0/../../../../arm-none-eabi/lib/thumb\libg.a(lib_a-init.o)
                0x0000000008003238                __libc_init_array
 .text.malloc   0x0000000008003288       0x14 d:/devkitpro/devkitarm/bin/../lib/gcc/arm-none-eabi/11.1.0/../../../../arm-none-eabi/lib/thumb\libg.a(lib_a-malloc.o)
                0x0000000008003288                malloc
 .text.free     0x000000000800329c       0x14 d:/devkitpro/devkitarm/bin/../lib/gcc/arm-none-eabi/11.1.0/../../../../arm-none-eabi/lib/thumb\libg.a(lib_a-malloc.o)
                0x000000000800329c                free
 .text._malloc_r
                0x00000000080032b0      0x58c d:/devkitpro/devkitarm/bin/../lib/gcc/arm-none-eabi/11.1.0/../../../../arm-none-eabi/lib/thumb\libg.a(lib_a-mallocr.o)
                0x00000000080032b0                _malloc_r
 .text.memcpy   0x000000000800383c       0xa8 d:/devkitpro/devkitarm/bin/../lib/gcc/arm-none-eabi/11.1.0/../../../../arm-none-eabi/lib/thumb\libg.a(lib_a-memcpy-stub.o)
                0x000000000800383c                memcpy
 .text.memset   0x00000000080038e4       0xb0 d:/devkitpro/devkitarm/bin/../lib/gcc/arm-none-eabi/11.1.0/../../../../arm-none-eabi/lib/thumb\libg.a(lib_a-memset.o)
                0x00000000080038e4                memset
 .text.__malloc_lock
                0x0000000008003994       0x14 d:/devkitpro/devkitarm/bin/../lib/gcc/arm-none-eabi/11.1.0/../../../../arm-none-eabi/lib/thumb\libg.a(lib_a-mlock.o)
                0x0000000008003994                __malloc_lock
 .text.__malloc_unlock
                0x00000000080039a8       0x14 d:/devkitpro/devkitarm/bin/../lib/gcc/arm-none-eabi/11.1.0/../../../../arm-none-eabi/lib/thumb\libg.a(lib_a-mlock.o)
                0x00000000080039a8                __malloc_unlock
 .text._raise_r
                0x00000000080039bc       0x64 d:/devkitpro/devkitarm/bin/../lib/gcc/arm-none-eabi/11.1.0/../../../../arm-none-eabi/lib/thumb\libg.a(lib_a-signal.o)
                0x00000000080039bc                _raise_r
 .text.raise    0x0000000008003a20       0x14 d:/devkitpro/devkitarm/bin/../lib/gcc/arm-none-eabi/11.1.0/../../../../arm-none-eabi/lib/thumb\libg.a(lib_a-signal.o)
                0x0000000008003a20                raise
 .text          0x0000000008003a34      0x224 d:/devkitpro/devkitarm/bin/../lib/gcc/arm-none-eabi/11.1.0/../../../../arm-none-eabi/lib/thumb\libg.a(lib_a-strcmp.o)
                0x0000000008003a34                strcmp
 .text.strlen   0x0000000008003c58       0x60 d:/devkitpro/devkitarm/bin/../lib/gcc/arm-none-eabi/11.1.0/../../../../arm-none-eabi/lib/thumb\libg.a(lib_a-strlen-stub.o)
                0x0000000008003c58                strlen
 .text._malloc_trim_r
                0x0000000008003cb8       0xa0 d:/devkitpro/devkitarm/bin/../lib/gcc/arm-none-eabi/11.1.0/../../../../arm-none-eabi/lib/thumb\libg.a(lib_a-freer.o)
                0x0000000008003cb8                _malloc_trim_r
 .text._free_r  0x0000000008003d58      0x1d8 d:/devkitpro/devkitarm/bin/../lib/gcc/arm-none-eabi/11.1.0/../../../../arm-none-eabi/lib/thumb\libg.a(lib_a-freer.o)
                0x0000000008003d58                _free_r
 .text._getpid_r
                0x0000000008003f30        0xc d:/devkitpro/devkitarm/bin/../lib/gcc/arm-none-eabi/11.1.0/../../../../arm-none-eabi/lib/thumb\libsysbase.a(getpid.o)
                0x0000000008003f30                _getpid_r
 .text._kill_r  0x0000000008003f3c        0xc d:/devkitpro/devkitarm/bin/../lib/gcc/arm-none-eabi/11.1.0/../../../../arm-none-eabi/lib/thumb\libsysbase.a(kill.o)
                0x0000000008003f3c                _kill_r
 .text._sbrk_r  0x0000000008003f48       0x54 d:/devkitpro/devkitarm/bin/../lib/gcc/arm-none-eabi/11.1.0/../../../../arm-none-eabi/lib/thumb\libsysbase.a(sbrk.o)
                0x0000000008003f48                _sbrk_r
 .text._exit    0x0000000008003f9c       0x18 d:/devkitpro/devkitarm/bin/../lib/gcc/arm-none-eabi/11.1.0/../../../../arm-none-eabi/lib/thumb\libsysbase.a(_exit.o)
                0x0000000008003f9c                _exit
 .text.__libc_lock_acquire_recursive
                0x0000000008003fb4       0x1c d:/devkitpro/devkitarm/bin/../lib/gcc/arm-none-eabi/11.1.0/../../../../arm-none-eabi/lib/thumb\libsysbase.a(syscall_support.o)
                0x0000000008003fb4                __libc_lock_acquire_recursive
 .text.__libc_lock_release_recursive
                0x0000000008003fd0       0x1c d:/devkitpro/devkitarm/bin/../lib/gcc/arm-none-eabi/11.1.0/../../../../arm-none-eabi/lib/thumb\libsysbase.a(syscall_support.o)
                0x0000000008003fd0                __libc_lock_release_recursive
 .text.__getreent
                0x0000000008003fec       0x28 d:/devkitpro/devkitarm/bin/../lib/gcc/arm-none-eabi/11.1.0/../../../../arm-none-eabi/lib/thumb\libsysbase.a(getreent.o)
                0x0000000008003fec                __getreent
 *fill*         0x0000000008004014        0x4 ff
 .text.__getreent.__stub
                0x0000000008004018       0x94 linker stubs
 *(.gnu.linkonce.t.*)
 *(.text.*personality*)
 *(.gnu.warning)
 *(.glue_7t)
 .glue_7t       0x00000000080040b0        0x0 linker stubs
 *(.glue_7)
 .glue_7        0x00000000080040b0        0x0 linker stubs
 *(.vfp11_veneer)
 .vfp11_veneer  0x00000000080040b0        0x0 linker stubs
                0x00000000080040b0                . = ALIGN (0x4)
                0x00000000080040b0                __text_end = .

.v4_bx          0x00000000080040b0        0x0
 .v4_bx         0x00000000080040b0        0x0 linker stubs

.iplt           0x00000000080040b0        0x0
 .iplt          0x00000000080040b0        0x0 d:/devkitpro/devkitarm/bin/../lib/gcc/arm-none-eabi/11.1.0/../../../../arm-none-eabi/lib/thumb/gba_crt0.o

.fini           0x00000000080040b0        0xc
 *(.fini)
 .fini          0x00000000080040b0        0x4 d:/devkitpro/devkitarm/bin/../lib/gcc/arm-none-eabi/11.1.0/thumb/crti.o
                0x00000000080040b0                _fini
 .fini          0x00000000080040b4        0x8 d:/devkitpro/devkitarm/bin/../lib/gcc/arm-none-eabi/11.1.0/thumb/crtn.o
                0x00000000080040bc                . = ALIGN (0x4)

.rodata         0x00000000080040bc      0x394
 *(.rodata)
 *all.rodata*(*)
 *(.roda)
 *(.rodata.*)
 .rodata.str1.4
                0x00000000080040bc       0x44 main.o
 .rodata._ZN9__gnu_cxx26__throw_insufficient_spaceEPKcS1_.str1.4
                0x0000000008004100       0x69 d:/devkitpro/devkitarm/bin/../lib/gcc/arm-none-eabi/11.1.0/../../../../arm-none-eabi/lib/thumb\libstdc++.a(snprintf_lite.o)
 *fill*         0x0000000008004169        0x3 ff
 .rodata._ZN9__gnu_cxx15__concat_size_tEPcjj.str1.4
                0x000000000800416c        0xb d:/devkitpro/devkitarm/bin/../lib/gcc/arm-none-eabi/11.1.0/../../../../arm-none-eabi/lib/thumb\libstdc++.a(snprintf_lite.o)
 *fill*         0x0000000008004177        0x1 ff
 .rodata._ZNKSt9bad_alloc4whatEv.str1.4
                0x0000000008004178        0xf d:/devkitpro/devkitarm/bin/../lib/gcc/arm-none-eabi/11.1.0/../../../../arm-none-eabi/lib/thumb\libstdc++.a(bad_alloc.o)
 *fill*         0x0000000008004187        0x1 ff
 .rodata._ZTISt9bad_alloc
                0x0000000008004188        0xc d:/devkitpro/devkitarm/bin/../lib/gcc/arm-none-eabi/11.1.0/../../../../arm-none-eabi/lib/thumb\libstdc++.a(bad_alloc.o)
                0x0000000008004188                typeinfo for std::bad_alloc
 .rodata._ZTSSt9bad_alloc
                0x0000000008004194        0xd d:/devkitpro/devkitarm/bin/../lib/gcc/arm-none-eabi/11.1.0/../../../../arm-none-eabi/lib/thumb\libstdc++.a(bad_alloc.o)
                0x0000000008004194                typeinfo name for std::bad_alloc
 *fill*         0x00000000080041a1        0x3 ff
 .rodata._ZTVSt9bad_alloc
                0x00000000080041a4       0x14 d:/devkitpro/devkitarm/bin/../lib/gcc/arm-none-eabi/11.1.0/../../../../arm-none-eabi/lib/thumb\libstdc++.a(bad_alloc.o)
                0x00000000080041a4                vtable for std::bad_alloc
 .rodata._ZNKSt13bad_exception4whatEv.str1.4
                0x00000000080041b8       0x13 d:/devkitpro/devkitarm/bin/../lib/gcc/arm-none-eabi/11.1.0/../../../../arm-none-eabi/lib/thumb\libstdc++.a(eh_exception.o)
 *fill*         0x00000000080041cb        0x1 ff
 .rodata._ZTIN10__cxxabiv115__forced_unwindE
                0x00000000080041cc        0x8 d:/devkitpro/devkitarm/bin/../lib/gcc/arm-none-eabi/11.1.0/../../../../arm-none-eabi/lib/thumb\libstdc++.a(eh_exception.o)
                0x00000000080041cc                typeinfo for __cxxabiv1::__forced_unwind
 .rodata._ZTIN10__cxxabiv119__foreign_exceptionE
                0x00000000080041d4        0x8 d:/devkitpro/devkitarm/bin/../lib/gcc/arm-none-eabi/11.1.0/../../../../arm-none-eabi/lib/thumb\libstdc++.a(eh_exception.o)
                0x00000000080041d4                typeinfo for __cxxabiv1::__foreign_exception
 .rodata._ZTISt13bad_exception
                0x00000000080041dc        0xc d:/devkitpro/devkitarm/bin/../lib/gcc/arm-none-eabi/11.1.0/../../../../arm-none-eabi/lib/thumb\libstdc++.a(eh_exception.o)
                0x00000000080041dc                typeinfo for std::bad_exception
 .rodata._ZTISt9exception
                0x00000000080041e8        0x8 d:/devkitpro/devkitarm/bin/../lib/gcc/arm-none-eabi/11.1.0/../../../../arm-none-eabi/lib/thumb\libstdc++.a(eh_exception.o)
                0x00000000080041e8                typeinfo for std::exception
 .rodata._ZTSN10__cxxabiv115__forced_unwindE
                0x00000000080041f0       0x20 d:/devkitpro/devkitarm/bin/../lib/gcc/arm-none-eabi/11.1.0/../../../../arm-none-eabi/lib/thumb\libstdc++.a(eh_exception.o)
                0x00000000080041f0                typeinfo name for __cxxabiv1::__forced_unwind
 .rodata._ZTSN10__cxxabiv119__foreign_exceptionE
                0x0000000008004210       0x24 d:/devkitpro/devkitarm/bin/../lib/gcc/arm-none-eabi/11.1.0/../../../../arm-none-eabi/lib/thumb\libstdc++.a(eh_exception.o)
                0x0000000008004210                typeinfo name for __cxxabiv1::__foreign_exception
 .rodata._ZTSSt13bad_exception
                0x0000000008004234       0x12 d:/devkitpro/devkitarm/bin/../lib/gcc/arm-none-eabi/11.1.0/../../../../arm-none-eabi/lib/thumb\libstdc++.a(eh_exception.o)
                0x0000000008004234                typeinfo name for std::bad_exception
 *fill*         0x0000000008004246        0x2 ff
 .rodata._ZTSSt9exception
                0x0000000008004248        0xd d:/devkitpro/devkitarm/bin/../lib/gcc/arm-none-eabi/11.1.0/../../../../arm-none-eabi/lib/thumb\libstdc++.a(eh_exception.o)
                0x0000000008004248                typeinfo name for std::exception
 *fill*         0x0000000008004255        0x3 ff
 .rodata._ZTVSt13bad_exception
                0x0000000008004258       0x14 d:/devkitpro/devkitarm/bin/../lib/gcc/arm-none-eabi/11.1.0/../../../../arm-none-eabi/lib/thumb\libstdc++.a(eh_exception.o)
                0x0000000008004258                vtable for std::bad_exception
 .rodata._ZL28read_encoded_value_with_basehjPKhPj
                0x000000000800426c       0x34 d:/devkitpro/devkitarm/bin/../lib/gcc/arm-none-eabi/11.1.0/../../../../arm-none-eabi/lib/thumb\libstdc++.a(eh_personality.o)
 .rodata._ZTIN10__cxxabiv120__si_class_type_infoE
                0x00000000080042a0        0xc d:/devkitpro/devkitarm/bin/../lib/gcc/arm-none-eabi/11.1.0/../../../../arm-none-eabi/lib/thumb\libstdc++.a(si_class_type_info.o)
                0x00000000080042a0                typeinfo for __cxxabiv1::__si_class_type_info
 .rodata._ZTSN10__cxxabiv120__si_class_type_infoE
                0x00000000080042ac       0x25 d:/devkitpro/devkitarm/bin/../lib/gcc/arm-none-eabi/11.1.0/../../../../arm-none-eabi/lib/thumb\libstdc++.a(si_class_type_info.o)
                0x00000000080042ac                typeinfo name for __cxxabiv1::__si_class_type_info
 *fill*         0x00000000080042d1        0x3 ff
 .rodata._ZTVN10__cxxabiv120__si_class_type_infoE
                0x00000000080042d4       0x2c d:/devkitpro/devkitarm/bin/../lib/gcc/arm-none-eabi/11.1.0/../../../../arm-none-eabi/lib/thumb\libstdc++.a(si_class_type_info.o)
                0x00000000080042d4                vtable for __cxxabiv1::__si_class_type_info
 .rodata._ZTISt9type_info
                0x0000000008004300        0x8 d:/devkitpro/devkitarm/bin/../lib/gcc/arm-none-eabi/11.1.0/../../../../arm-none-eabi/lib/thumb\libstdc++.a(tinfo.o)
                0x0000000008004300                typeinfo for std::type_info
 .rodata._ZTSSt9type_info
                0x0000000008004308        0xd d:/devkitpro/devkitarm/bin/../lib/gcc/arm-none-eabi/11.1.0/../../../../arm-none-eabi/lib/thumb\libstdc++.a(tinfo.o)
                0x0000000008004308                typeinfo name for std::type_info
 *fill*         0x0000000008004315        0x3 ff
 .rodata._ZTISt11logic_error
                0x0000000008004318        0xc d:/devkitpro/devkitarm/bin/../lib/gcc/arm-none-eabi/11.1.0/../../../../arm-none-eabi/lib/thumb\libstdc++.a(stdexcept.o)
                0x0000000008004318                typeinfo for std::logic_error
 .rodata._ZTISt12length_error
                0x0000000008004324        0xc d:/devkitpro/devkitarm/bin/../lib/gcc/arm-none-eabi/11.1.0/../../../../arm-none-eabi/lib/thumb\libstdc++.a(stdexcept.o)
                0x0000000008004324                typeinfo for std::length_error
 .rodata._ZTISt12out_of_range
                0x0000000008004330        0xc d:/devkitpro/devkitarm/bin/../lib/gcc/arm-none-eabi/11.1.0/../../../../arm-none-eabi/lib/thumb\libstdc++.a(stdexcept.o)
                0x0000000008004330                typeinfo for std::out_of_range
 .rodata._ZTSSt11logic_error
                0x000000000800433c       0x10 d:/devkitpro/devkitarm/bin/../lib/gcc/arm-none-eabi/11.1.0/../../../../arm-none-eabi/lib/thumb\libstdc++.a(stdexcept.o)
                0x000000000800433c                typeinfo name for std::logic_error
 .rodata._ZTSSt12length_error
                0x000000000800434c       0x11 d:/devkitpro/devkitarm/bin/../lib/gcc/arm-none-eabi/11.1.0/../../../../arm-none-eabi/lib/thumb\libstdc++.a(stdexcept.o)
                0x000000000800434c                typeinfo name for std::length_error
 *fill*         0x000000000800435d        0x3 ff
 .rodata._ZTSSt12out_of_range
                0x0000000008004360       0x11 d:/devkitpro/devkitarm/bin/../lib/gcc/arm-none-eabi/11.1.0/../../../../arm-none-eabi/lib/thumb\libstdc++.a(stdexcept.o)
                0x0000000008004360                typeinfo name for std::out_of_range
 *fill*         0x0000000008004371        0x3 ff
 .rodata._ZTVSt11logic_error
                0x0000000008004374       0x14 d:/devkitpro/devkitarm/bin/../lib/gcc/arm-none-eabi/11.1.0/../../../../arm-none-eabi/lib/thumb\libstdc++.a(stdexcept.o)
                0x0000000008004374                vtable for std::logic_error
 .rodata._ZTVSt12length_error
                0x0000000008004388       0x14 d:/devkitpro/devkitarm/bin/../lib/gcc/arm-none-eabi/11.1.0/../../../../arm-none-eabi/lib/thumb\libstdc++.a(stdexcept.o)
                0x0000000008004388                vtable for std::length_error
 .rodata._ZTVSt12out_of_range
                0x000000000800439c       0x14 d:/devkitpro/devkitarm/bin/../lib/gcc/arm-none-eabi/11.1.0/../../../../arm-none-eabi/lib/thumb\libstdc++.a(stdexcept.o)
                0x000000000800439c                vtable for std::out_of_range
 .rodata._ZNSt11logic_errorC2EPKc.str1.4
                0x00000000080043b0       0x2a d:/devkitpro/devkitarm/bin/../lib/gcc/arm-none-eabi/11.1.0/../../../../arm-none-eabi/lib/thumb\libstdc++.a(cow-stdexcept.o)
 *fill*         0x00000000080043da        0x2 ff
 .rodata._ZNSs4_Rep9_S_createEjjRKSaIcE.str1.4
                0x00000000080043dc       0x18 d:/devkitpro/devkitarm/bin/../lib/gcc/arm-none-eabi/11.1.0/../../../../arm-none-eabi/lib/thumb\libstdc++.a(cow-string-inst.o)
 .rodata._ZTIN10__cxxabiv117__class_type_infoE
                0x00000000080043f4        0xc d:/devkitpro/devkitarm/bin/../lib/gcc/arm-none-eabi/11.1.0/../../../../arm-none-eabi/lib/thumb\libstdc++.a(class_type_info.o)
                0x00000000080043f4                typeinfo for __cxxabiv1::__class_type_info
 .rodata._ZTSN10__cxxabiv117__class_type_infoE
                0x0000000008004400       0x22 d:/devkitpro/devkitarm/bin/../lib/gcc/arm-none-eabi/11.1.0/../../../../arm-none-eabi/lib/thumb\libstdc++.a(class_type_info.o)
                0x0000000008004400                typeinfo name for __cxxabiv1::__class_type_info
 *fill*         0x0000000008004422        0x2 ff
 .rodata._ZTVN10__cxxabiv117__class_type_infoE
                0x0000000008004424       0x2c d:/devkitpro/devkitarm/bin/../lib/gcc/arm-none-eabi/11.1.0/../../../../arm-none-eabi/lib/thumb\libstdc++.a(class_type_info.o)
                0x0000000008004424                vtable for __cxxabiv1::__class_type_info
 *(.gnu.linkonce.r*)
                0x0000000008004450                . = ALIGN (0x4)

.ARM.extab      0x0000000008004450      0x120
 *(.ARM.extab* .gnu.linkonce.armextab.*)
 .ARM.extab.text.unlikely._ZSt19__throw_logic_errorPKc
                0x0000000008004450       0x14 d:/devkitpro/devkitarm/bin/../lib/gcc/arm-none-eabi/11.1.0/../../../../arm-none-eabi/lib/thumb\libstdc++.a(functexcept.o)
 .ARM.extab.text.unlikely._ZSt20__throw_length_errorPKc
                0x0000000008004464       0x14 d:/devkitpro/devkitarm/bin/../lib/gcc/arm-none-eabi/11.1.0/../../../../arm-none-eabi/lib/thumb\libstdc++.a(functexcept.o)
 .ARM.extab.text._ZSt24__throw_out_of_range_fmtPKcz
                0x0000000008004478       0x1c d:/devkitpro/devkitarm/bin/../lib/gcc/arm-none-eabi/11.1.0/../../../../arm-none-eabi/lib/thumb\libstdc++.a(functexcept.o)
 .ARM.extab.text.__cxa_type_match
                0x0000000008004494        0xc d:/devkitpro/devkitarm/bin/../lib/gcc/arm-none-eabi/11.1.0/../../../../arm-none-eabi/lib/thumb\libstdc++.a(eh_arm.o)
 .ARM.extab.text._ZL28read_encoded_value_with_basehjPKhPj
                0x00000000080044a0        0xc d:/devkitpro/devkitarm/bin/../lib/gcc/arm-none-eabi/11.1.0/../../../../arm-none-eabi/lib/thumb\libstdc++.a(eh_personality.o)
 .ARM.extab.text.__gxx_personality_v0
                0x00000000080044ac       0x24 d:/devkitpro/devkitarm/bin/../lib/gcc/arm-none-eabi/11.1.0/../../../../arm-none-eabi/lib/thumb\libstdc++.a(eh_personality.o)
 .ARM.extab.text._ZN10__cxxabiv111__terminateEPFvvE
                0x00000000080044d0       0x18 d:/devkitpro/devkitarm/bin/../lib/gcc/arm-none-eabi/11.1.0/../../../../arm-none-eabi/lib/thumb\libstdc++.a(eh_terminate.o)
 .ARM.extab.text._ZNK10__cxxabiv120__si_class_type_info12__do_dyncastEiNS_17__class_type_info10__sub_kindEPKS1_PKvS4_S6_RNS1_16__dyncast_resultE
                0x00000000080044e8        0xc d:/devkitpro/devkitarm/bin/../lib/gcc/arm-none-eabi/11.1.0/../../../../arm-none-eabi/lib/thumb\libstdc++.a(si_class_type_info.o)
 .ARM.extab.text._ZNSt11logic_errorC2EPKc
                0x00000000080044f4       0x18 d:/devkitpro/devkitarm/bin/../lib/gcc/arm-none-eabi/11.1.0/../../../../arm-none-eabi/lib/thumb\libstdc++.a(cow-stdexcept.o)
 .ARM.extab.text._ZNSs4_Rep9_S_createEjjRKSaIcE
                0x000000000800450c        0x0 d:/devkitpro/devkitarm/bin/../lib/gcc/arm-none-eabi/11.1.0/../../../../arm-none-eabi/lib/thumb\libstdc++.a(cow-string-inst.o)
 .ARM.extab.text._ZNSs4_Rep10_M_destroyERKSaIcE
                0x000000000800450c        0x0 d:/devkitpro/devkitarm/bin/../lib/gcc/arm-none-eabi/11.1.0/../../../../arm-none-eabi/lib/thumb\libstdc++.a(cow-string-inst.o)
 .ARM.extab.text.unlikely.__cxa_call_unexpected
                0x000000000800450c       0x28 d:/devkitpro/devkitarm/bin/../lib/gcc/arm-none-eabi/11.1.0/../../../../arm-none-eabi/lib/thumb\libstdc++.a(eh_call.o)
 .ARM.extab.text.__cxa_begin_catch
                0x0000000008004534        0xc d:/devkitpro/devkitarm/bin/../lib/gcc/arm-none-eabi/11.1.0/../../../../arm-none-eabi/lib/thumb\libstdc++.a(eh_catch.o)
 .ARM.extab.text.unwind_phase2_forced
                0x0000000008004540        0xc d:/devkitpro/devkitarm/bin/../lib/gcc/arm-none-eabi/11.1.0/thumb\libgcc.a(unwind-arm.o)
 .ARM.extab.text.__gnu_unwind_pr_common
                0x000000000800454c        0xc d:/devkitpro/devkitarm/bin/../lib/gcc/arm-none-eabi/11.1.0/thumb\libgcc.a(unwind-arm.o)
 .ARM.extab.text._Unwind_VRS_Pop
                0x0000000008004558        0xc d:/devkitpro/devkitarm/bin/../lib/gcc/arm-none-eabi/11.1.0/thumb\libgcc.a(unwind-arm.o)
 .ARM.extab.text.__gnu_unwind_execute
                0x0000000008004564        0xc d:/devkitpro/devkitarm/bin/../lib/gcc/arm-none-eabi/11.1.0/thumb\libgcc.a(pr-support.o)
                0x0000000008004570                __exidx_start = .

.ARM.exidx      0x0000000008004570      0x1e8
 *(.ARM.exidx* .gnu.linkonce.armexidx.*)
 .ARM.exidx.text.unlikely._ZSt17__throw_bad_allocv
                0x0000000008004570        0x8 d:/devkitpro/devkitarm/bin/../lib/gcc/arm-none-eabi/11.1.0/../../../../arm-none-eabi/lib/thumb\libstdc++.a(functexcept.o)
 .ARM.exidx.text.unlikely._ZSt19__throw_logic_errorPKc
                0x0000000008004578        0x8 d:/devkitpro/devkitarm/bin/../lib/gcc/arm-none-eabi/11.1.0/../../../../arm-none-eabi/lib/thumb\libstdc++.a(functexcept.o)
 .ARM.exidx.text.unlikely._ZSt20__throw_length_errorPKc
                0x0000000008004580        0x8 d:/devkitpro/devkitarm/bin/../lib/gcc/arm-none-eabi/11.1.0/../../../../arm-none-eabi/lib/thumb\libstdc++.a(functexcept.o)
 .ARM.exidx.text._ZSt24__throw_out_of_range_fmtPKcz
                0x0000000008004588        0x8 d:/devkitpro/devkitarm/bin/../lib/gcc/arm-none-eabi/11.1.0/../../../../arm-none-eabi/lib/thumb\libstdc++.a(functexcept.o)
 .ARM.exidx.text._ZN9__gnu_cxx26__throw_insufficient_spaceEPKcS1_
                0x0000000008004590        0x8 d:/devkitpro/devkitarm/bin/../lib/gcc/arm-none-eabi/11.1.0/../../../../arm-none-eabi/lib/thumb\libstdc++.a(snprintf_lite.o)
 .ARM.exidx.text._ZN9__gnu_cxx15__concat_size_tEPcjj
                0x0000000008004598        0x8 d:/devkitpro/devkitarm/bin/../lib/gcc/arm-none-eabi/11.1.0/../../../../arm-none-eabi/lib/thumb\libstdc++.a(snprintf_lite.o)
 .ARM.exidx.text._ZN9__gnu_cxx15__snprintf_liteEPcjPKcSt9__va_list
                0x00000000080045a0        0x8 d:/devkitpro/devkitarm/bin/../lib/gcc/arm-none-eabi/11.1.0/../../../../arm-none-eabi/lib/thumb\libstdc++.a(snprintf_lite.o)
 .ARM.exidx.text._ZNKSt9bad_alloc4whatEv
                0x00000000080045a8        0x8 d:/devkitpro/devkitarm/bin/../lib/gcc/arm-none-eabi/11.1.0/../../../../arm-none-eabi/lib/thumb\libstdc++.a(bad_alloc.o)
 .ARM.exidx.text._ZNSt9bad_allocD2Ev
                0x00000000080045b0        0x0 d:/devkitpro/devkitarm/bin/../lib/gcc/arm-none-eabi/11.1.0/../../../../arm-none-eabi/lib/thumb\libstdc++.a(bad_alloc.o)
                                          0x8 (size before relaxing)
 .ARM.exidx.text._ZNSt9bad_allocD0Ev
                0x00000000080045b0        0x0 d:/devkitpro/devkitarm/bin/../lib/gcc/arm-none-eabi/11.1.0/../../../../arm-none-eabi/lib/thumb\libstdc++.a(bad_alloc.o)
                                          0x8 (size before relaxing)
 .ARM.exidx.text._ZdlPvj
                0x00000000080045b0        0x0 d:/devkitpro/devkitarm/bin/../lib/gcc/arm-none-eabi/11.1.0/../../../../arm-none-eabi/lib/thumb\libstdc++.a(del_ops.o)
                                          0x8 (size before relaxing)
 .ARM.exidx.text._ZN12_GLOBAL__N_14pool4freeEPv.constprop.0
                0x00000000080045b0        0x0 d:/devkitpro/devkitarm/bin/../lib/gcc/arm-none-eabi/11.1.0/../../../../arm-none-eabi/lib/thumb\libstdc++.a(eh_alloc.o)
                                          0x8 (size before relaxing)
 .ARM.exidx.text._ZN12_GLOBAL__N_14pool8allocateEj.constprop.0
                0x00000000080045b0        0x0 d:/devkitpro/devkitarm/bin/../lib/gcc/arm-none-eabi/11.1.0/../../../../arm-none-eabi/lib/thumb\libstdc++.a(eh_alloc.o)
                                          0x8 (size before relaxing)
 .ARM.exidx.text.__cxa_allocate_exception
                0x00000000080045b0        0x0 d:/devkitpro/devkitarm/bin/../lib/gcc/arm-none-eabi/11.1.0/../../../../arm-none-eabi/lib/thumb\libstdc++.a(eh_alloc.o)
                                          0x8 (size before relaxing)
 .ARM.exidx.text.__cxa_free_exception
                0x00000000080045b0        0x0 d:/devkitpro/devkitarm/bin/../lib/gcc/arm-none-eabi/11.1.0/../../../../arm-none-eabi/lib/thumb\libstdc++.a(eh_alloc.o)
                                          0x8 (size before relaxing)
 .ARM.exidx.text.startup._GLOBAL__sub_I__ZN9__gnu_cxx9__freeresEv
                0x00000000080045b0        0x0 d:/devkitpro/devkitarm/bin/../lib/gcc/arm-none-eabi/11.1.0/../../../../arm-none-eabi/lib/thumb\libstdc++.a(eh_alloc.o)
                                          0x8 (size before relaxing)
 .ARM.exidx.text.__cxa_type_match
                0x00000000080045b0        0x8 d:/devkitpro/devkitarm/bin/../lib/gcc/arm-none-eabi/11.1.0/../../../../arm-none-eabi/lib/thumb\libstdc++.a(eh_arm.o)
 .ARM.exidx.text.__cxa_begin_cleanup
                0x00000000080045b8        0x8 d:/devkitpro/devkitarm/bin/../lib/gcc/arm-none-eabi/11.1.0/../../../../arm-none-eabi/lib/thumb\libstdc++.a(eh_arm.o)
 .ARM.exidx.text.__gnu_end_cleanup
                0x00000000080045c0        0x0 d:/devkitpro/devkitarm/bin/../lib/gcc/arm-none-eabi/11.1.0/../../../../arm-none-eabi/lib/thumb\libstdc++.a(eh_arm.o)
                                          0x8 (size before relaxing)
 .ARM.exidx.text._ZNSt9exceptionD2Ev
                0x00000000080045c0        0x0 d:/devkitpro/devkitarm/bin/../lib/gcc/arm-none-eabi/11.1.0/../../../../arm-none-eabi/lib/thumb\libstdc++.a(eh_exception.o)
                                          0x8 (size before relaxing)
 .ARM.exidx.text._ZNSt13bad_exceptionD2Ev
                0x00000000080045c0        0x0 d:/devkitpro/devkitarm/bin/../lib/gcc/arm-none-eabi/11.1.0/../../../../arm-none-eabi/lib/thumb\libstdc++.a(eh_exception.o)
                                          0x8 (size before relaxing)
 .ARM.exidx.text._ZNKSt13bad_exception4whatEv
                0x00000000080045c0        0x0 d:/devkitpro/devkitarm/bin/../lib/gcc/arm-none-eabi/11.1.0/../../../../arm-none-eabi/lib/thumb\libstdc++.a(eh_exception.o)
                                          0x8 (size before relaxing)
 .ARM.exidx.text._ZNSt13bad_exceptionD0Ev
                0x00000000080045c0        0x0 d:/devkitpro/devkitarm/bin/../lib/gcc/arm-none-eabi/11.1.0/../../../../arm-none-eabi/lib/thumb\libstdc++.a(eh_exception.o)
                                          0x8 (size before relaxing)
 .ARM.exidx.text.__cxa_get_globals_fast
                0x00000000080045c0        0x0 d:/devkitpro/devkitarm/bin/../lib/gcc/arm-none-eabi/11.1.0/../../../../arm-none-eabi/lib/thumb\libstdc++.a(eh_globals.o)
                                          0x8 (size before relaxing)
 .ARM.exidx.text.__cxa_get_globals
                0x00000000080045c0        0x0 d:/devkitpro/devkitarm/bin/../lib/gcc/arm-none-eabi/11.1.0/../../../../arm-none-eabi/lib/thumb\libstdc++.a(eh_globals.o)
                                          0x8 (size before relaxing)
 .ARM.exidx.text._ZL28read_encoded_value_with_basehjPKhPj
                0x00000000080045c0        0x8 d:/devkitpro/devkitarm/bin/../lib/gcc/arm-none-eabi/11.1.0/../../../../arm-none-eabi/lib/thumb\libstdc++.a(eh_personality.o)
 .ARM.exidx.text._ZL21base_of_encoded_valuehP15_Unwind_Context
                0x00000000080045c8        0x8 d:/devkitpro/devkitarm/bin/../lib/gcc/arm-none-eabi/11.1.0/../../../../arm-none-eabi/lib/thumb\libstdc++.a(eh_personality.o)
 .ARM.exidx.text._ZL17parse_lsda_headerP15_Unwind_ContextPKhP16lsda_header_info
                0x00000000080045d0        0x8 d:/devkitpro/devkitarm/bin/../lib/gcc/arm-none-eabi/11.1.0/../../../../arm-none-eabi/lib/thumb\libstdc++.a(eh_personality.o)
 .ARM.exidx.text.__gxx_personality_v0
                0x00000000080045d8        0x8 d:/devkitpro/devkitarm/bin/../lib/gcc/arm-none-eabi/11.1.0/../../../../arm-none-eabi/lib/thumb\libstdc++.a(eh_personality.o)
 .ARM.exidx.text._ZN10__cxxabiv111__terminateEPFvvE
                0x00000000080045e0        0x8 d:/devkitpro/devkitarm/bin/../lib/gcc/arm-none-eabi/11.1.0/../../../../arm-none-eabi/lib/thumb\libstdc++.a(eh_terminate.o)
 .ARM.exidx.text._ZSt9terminatev
                0x00000000080045e8        0x8 d:/devkitpro/devkitarm/bin/../lib/gcc/arm-none-eabi/11.1.0/../../../../arm-none-eabi/lib/thumb\libstdc++.a(eh_terminate.o)
 .ARM.exidx.text._ZN10__cxxabiv112__unexpectedEPFvvE
                0x00000000080045f0        0x8 d:/devkitpro/devkitarm/bin/../lib/gcc/arm-none-eabi/11.1.0/../../../../arm-none-eabi/lib/thumb\libstdc++.a(eh_terminate.o)
 .ARM.exidx.text._ZSt10unexpectedv
                0x00000000080045f8        0x0 d:/devkitpro/devkitarm/bin/../lib/gcc/arm-none-eabi/11.1.0/../../../../arm-none-eabi/lib/thumb\libstdc++.a(eh_terminate.o)
                                          0x8 (size before relaxing)
 .ARM.exidx.text._ZSt13get_terminatev
                0x00000000080045f8        0x8 d:/devkitpro/devkitarm/bin/../lib/gcc/arm-none-eabi/11.1.0/../../../../arm-none-eabi/lib/thumb\libstdc++.a(eh_terminate.o)
 .ARM.exidx.text._ZSt14get_unexpectedv
                0x0000000008004600        0x0 d:/devkitpro/devkitarm/bin/../lib/gcc/arm-none-eabi/11.1.0/../../../../arm-none-eabi/lib/thumb\libstdc++.a(eh_terminate.o)
                                          0x8 (size before relaxing)
 .ARM.exidx.text._ZL23__gxx_exception_cleanup19_Unwind_Reason_CodeP21_Unwind_Control_Block
                0x0000000008004600        0x8 d:/devkitpro/devkitarm/bin/../lib/gcc/arm-none-eabi/11.1.0/../../../../arm-none-eabi/lib/thumb\libstdc++.a(eh_throw.o)
 .ARM.exidx.text.__cxa_init_primary_exception
                0x0000000008004608        0x8 d:/devkitpro/devkitarm/bin/../lib/gcc/arm-none-eabi/11.1.0/../../../../arm-none-eabi/lib/thumb\libstdc++.a(eh_throw.o)
 .ARM.exidx.text.__cxa_throw
                0x0000000008004610        0x8 d:/devkitpro/devkitarm/bin/../lib/gcc/arm-none-eabi/11.1.0/../../../../arm-none-eabi/lib/thumb\libstdc++.a(eh_throw.o)
 .ARM.exidx.text.__cxa_rethrow
                0x0000000008004618        0x8 d:/devkitpro/devkitarm/bin/../lib/gcc/arm-none-eabi/11.1.0/../../../../arm-none-eabi/lib/thumb\libstdc++.a(eh_throw.o)
 .ARM.exidx.text._ZN10__cxxabiv120__si_class_type_infoD2Ev
                0x0000000008004620        0x8 d:/devkitpro/devkitarm/bin/../lib/gcc/arm-none-eabi/11.1.0/../../../../arm-none-eabi/lib/thumb\libstdc++.a(si_class_type_info.o)
 .ARM.exidx.text._ZN10__cxxabiv120__si_class_type_infoD0Ev
                0x0000000008004628        0x0 d:/devkitpro/devkitarm/bin/../lib/gcc/arm-none-eabi/11.1.0/../../../../arm-none-eabi/lib/thumb\libstdc++.a(si_class_type_info.o)
                                          0x8 (size before relaxing)
 .ARM.exidx.text._ZNK10__cxxabiv120__si_class_type_info20__do_find_public_srcEiPKvPKNS_17__class_type_infoES2_
                0x0000000008004628        0x8 d:/devkitpro/devkitarm/bin/../lib/gcc/arm-none-eabi/11.1.0/../../../../arm-none-eabi/lib/thumb\libstdc++.a(si_class_type_info.o)
 .ARM.exidx.text._ZNK10__cxxabiv120__si_class_type_info12__do_dyncastEiNS_17__class_type_info10__sub_kindEPKS1_PKvS4_S6_RNS1_16__dyncast_resultE
                0x0000000008004630        0x8 d:/devkitpro/devkitarm/bin/../lib/gcc/arm-none-eabi/11.1.0/../../../../arm-none-eabi/lib/thumb\libstdc++.a(si_class_type_info.o)
 .ARM.exidx.text._ZNK10__cxxabiv120__si_class_type_info11__do_upcastEPKNS_17__class_type_infoEPKvRNS1_15__upcast_resultE
                0x0000000008004638        0x8 d:/devkitpro/devkitarm/bin/../lib/gcc/arm-none-eabi/11.1.0/../../../../arm-none-eabi/lib/thumb\libstdc++.a(si_class_type_info.o)
 .ARM.exidx.text._ZNSt9type_infoD2Ev
                0x0000000008004640        0x8 d:/devkitpro/devkitarm/bin/../lib/gcc/arm-none-eabi/11.1.0/../../../../arm-none-eabi/lib/thumb\libstdc++.a(tinfo.o)
 .ARM.exidx.text._ZNKSt9type_info14__is_pointer_pEv
                0x0000000008004648        0x0 d:/devkitpro/devkitarm/bin/../lib/gcc/arm-none-eabi/11.1.0/../../../../arm-none-eabi/lib/thumb\libstdc++.a(tinfo.o)
                                          0x8 (size before relaxing)
 .ARM.exidx.text._ZNKSt9type_infoeqERKS_
                0x0000000008004648        0x0 d:/devkitpro/devkitarm/bin/../lib/gcc/arm-none-eabi/11.1.0/../../../../arm-none-eabi/lib/thumb\libstdc++.a(tinfo.o)
                                          0x8 (size before relaxing)
 .ARM.exidx.text._ZNKSt11logic_error4whatEv
                0x0000000008004648        0x0 d:/devkitpro/devkitarm/bin/../lib/gcc/arm-none-eabi/11.1.0/../../../../arm-none-eabi/lib/thumb\libstdc++.a(stdexcept.o)
                                          0x8 (size before relaxing)
 .ARM.exidx.text._ZNSt11logic_errorD2Ev
                0x0000000008004648        0x0 d:/devkitpro/devkitarm/bin/../lib/gcc/arm-none-eabi/11.1.0/../../../../arm-none-eabi/lib/thumb\libstdc++.a(stdexcept.o)
                                          0x8 (size before relaxing)
 .ARM.exidx.text._ZNSt12length_errorD2Ev
                0x0000000008004648        0x0 d:/devkitpro/devkitarm/bin/../lib/gcc/arm-none-eabi/11.1.0/../../../../arm-none-eabi/lib/thumb\libstdc++.a(stdexcept.o)
                                          0x8 (size before relaxing)
 .ARM.exidx.text._ZNSt12out_of_rangeD2Ev
                0x0000000008004648        0x0 d:/devkitpro/devkitarm/bin/../lib/gcc/arm-none-eabi/11.1.0/../../../../arm-none-eabi/lib/thumb\libstdc++.a(stdexcept.o)
                                          0x8 (size before relaxing)
 .ARM.exidx.text._ZNSt11logic_errorD0Ev
                0x0000000008004648        0x0 d:/devkitpro/devkitarm/bin/../lib/gcc/arm-none-eabi/11.1.0/../../../../arm-none-eabi/lib/thumb\libstdc++.a(stdexcept.o)
                                          0x8 (size before relaxing)
 .ARM.exidx.text._ZNSt12out_of_rangeD0Ev
                0x0000000008004648        0x0 d:/devkitpro/devkitarm/bin/../lib/gcc/arm-none-eabi/11.1.0/../../../../arm-none-eabi/lib/thumb\libstdc++.a(stdexcept.o)
                                          0x8 (size before relaxing)
 .ARM.exidx.text._ZNSt12length_errorD0Ev
                0x0000000008004648        0x0 d:/devkitpro/devkitarm/bin/../lib/gcc/arm-none-eabi/11.1.0/../../../../arm-none-eabi/lib/thumb\libstdc++.a(stdexcept.o)
                                          0x8 (size before relaxing)
 .ARM.exidx.text._ZNSt11logic_errorC2EPKc
                0x0000000008004648        0x8 d:/devkitpro/devkitarm/bin/../lib/gcc/arm-none-eabi/11.1.0/../../../../arm-none-eabi/lib/thumb\libstdc++.a(cow-stdexcept.o)
 .ARM.exidx.text._ZNSt12length_errorC2EPKc
                0x0000000008004650        0x8 d:/devkitpro/devkitarm/bin/../lib/gcc/arm-none-eabi/11.1.0/../../../../arm-none-eabi/lib/thumb\libstdc++.a(cow-stdexcept.o)
 .ARM.exidx.text._ZNSt12out_of_rangeC2EPKc
                0x0000000008004658        0x0 d:/devkitpro/devkitarm/bin/../lib/gcc/arm-none-eabi/11.1.0/../../../../arm-none-eabi/lib/thumb\libstdc++.a(cow-stdexcept.o)
                                          0x8 (size before relaxing)
 .ARM.exidx.text._ZNSs4_Rep9_S_createEjjRKSaIcE
                0x0000000008004658        0x0 d:/devkitpro/devkitarm/bin/../lib/gcc/arm-none-eabi/11.1.0/../../../../arm-none-eabi/lib/thumb\libstdc++.a(cow-string-inst.o)
                                          0x8 (size before relaxing)
 .ARM.exidx.text._ZNSs4_Rep10_M_destroyERKSaIcE
                0x0000000008004658        0x8 d:/devkitpro/devkitarm/bin/../lib/gcc/arm-none-eabi/11.1.0/../../../../arm-none-eabi/lib/thumb\libstdc++.a(cow-string-inst.o)
 .ARM.exidx.text._ZNK10__cxxabiv117__class_type_info11__do_upcastEPKS0_PPv
                0x0000000008004660        0x8 d:/devkitpro/devkitarm/bin/../lib/gcc/arm-none-eabi/11.1.0/../../../../arm-none-eabi/lib/thumb\libstdc++.a(class_type_info.o)
 .ARM.exidx.text._ZNK10__cxxabiv117__class_type_info20__do_find_public_srcEiPKvPKS0_S2_
                0x0000000008004668        0x8 d:/devkitpro/devkitarm/bin/../lib/gcc/arm-none-eabi/11.1.0/../../../../arm-none-eabi/lib/thumb\libstdc++.a(class_type_info.o)
 .ARM.exidx.text._ZN10__cxxabiv117__class_type_infoD2Ev
                0x0000000008004670        0x0 d:/devkitpro/devkitarm/bin/../lib/gcc/arm-none-eabi/11.1.0/../../../../arm-none-eabi/lib/thumb\libstdc++.a(class_type_info.o)
                                          0x8 (size before relaxing)
 .ARM.exidx.text._ZN10__cxxabiv117__class_type_infoD0Ev
                0x0000000008004670        0x0 d:/devkitpro/devkitarm/bin/../lib/gcc/arm-none-eabi/11.1.0/../../../../arm-none-eabi/lib/thumb\libstdc++.a(class_type_info.o)
                                          0x8 (size before relaxing)
 .ARM.exidx.text._ZNK10__cxxabiv117__class_type_info12__do_dyncastEiNS0_10__sub_kindEPKS0_PKvS3_S5_RNS0_16__dyncast_resultE
                0x0000000008004670        0x0 d:/devkitpro/devkitarm/bin/../lib/gcc/arm-none-eabi/11.1.0/../../../../arm-none-eabi/lib/thumb\libstdc++.a(class_type_info.o)
                                          0x8 (size before relaxing)
 .ARM.exidx.text._ZNK10__cxxabiv117__class_type_info11__do_upcastEPKS0_PKvRNS0_15__upcast_resultE
                0x0000000008004670        0x0 d:/devkitpro/devkitarm/bin/../lib/gcc/arm-none-eabi/11.1.0/../../../../arm-none-eabi/lib/thumb\libstdc++.a(class_type_info.o)
                                          0x8 (size before relaxing)
 .ARM.exidx.text._ZNK10__cxxabiv117__class_type_info10__do_catchEPKSt9type_infoPPvj
                0x0000000008004670        0x8 d:/devkitpro/devkitarm/bin/../lib/gcc/arm-none-eabi/11.1.0/../../../../arm-none-eabi/lib/thumb\libstdc++.a(class_type_info.o)
 .ARM.exidx.text._ZdlPv
                0x0000000008004678        0x8 d:/devkitpro/devkitarm/bin/../lib/gcc/arm-none-eabi/11.1.0/../../../../arm-none-eabi/lib/thumb\libstdc++.a(del_op.o)
 .ARM.exidx.text._ZN10__cxxabiv1L24__is_gxx_exception_classEPc
                0x0000000008004680        0x0 d:/devkitpro/devkitarm/bin/../lib/gcc/arm-none-eabi/11.1.0/../../../../arm-none-eabi/lib/thumb\libstdc++.a(eh_call.o)
                                          0x8 (size before relaxing)
 .ARM.exidx.text.__cxa_call_terminate
                0x0000000008004680        0x0 d:/devkitpro/devkitarm/bin/../lib/gcc/arm-none-eabi/11.1.0/../../../../arm-none-eabi/lib/thumb\libstdc++.a(eh_call.o)
                                          0x8 (size before relaxing)
 .ARM.exidx.text.unlikely.__cxa_call_unexpected
                0x0000000008004680        0x8 d:/devkitpro/devkitarm/bin/../lib/gcc/arm-none-eabi/11.1.0/../../../../arm-none-eabi/lib/thumb\libstdc++.a(eh_call.o)
 .ARM.exidx.text.__cxa_begin_catch
                0x0000000008004688        0x8 d:/devkitpro/devkitarm/bin/../lib/gcc/arm-none-eabi/11.1.0/../../../../arm-none-eabi/lib/thumb\libstdc++.a(eh_catch.o)
 .ARM.exidx.text.__cxa_end_catch
                0x0000000008004690        0x8 d:/devkitpro/devkitarm/bin/../lib/gcc/arm-none-eabi/11.1.0/../../../../arm-none-eabi/lib/thumb\libstdc++.a(eh_catch.o)
 .ARM.exidx.text._Znwj
                0x0000000008004698        0x0 d:/devkitpro/devkitarm/bin/../lib/gcc/arm-none-eabi/11.1.0/../../../../arm-none-eabi/lib/thumb\libstdc++.a(new_op.o)
                                          0x8 (size before relaxing)
 .ARM.exidx.text._ZSt15get_new_handlerv
                0x0000000008004698        0x8 d:/devkitpro/devkitarm/bin/../lib/gcc/arm-none-eabi/11.1.0/../../../../arm-none-eabi/lib/thumb\libstdc++.a(new_handler.o)
 .ARM.exidx.text.selfrel_offset31
                0x00000000080046a0        0x0 d:/devkitpro/devkitarm/bin/../lib/gcc/arm-none-eabi/11.1.0/thumb\libgcc.a(unwind-arm.o)
                                          0x8 (size before relaxing)
 .ARM.exidx.text.search_EIT_table
                0x00000000080046a0        0x0 d:/devkitpro/devkitarm/bin/../lib/gcc/arm-none-eabi/11.1.0/thumb\libgcc.a(unwind-arm.o)
                                          0x8 (size before relaxing)
 .ARM.exidx.text.__gnu_unwind_get_pr_addr
                0x00000000080046a0        0x0 d:/devkitpro/devkitarm/bin/../lib/gcc/arm-none-eabi/11.1.0/thumb\libgcc.a(unwind-arm.o)
                                          0x8 (size before relaxing)
 .ARM.exidx.text.get_eit_entry
                0x00000000080046a0        0x8 d:/devkitpro/devkitarm/bin/../lib/gcc/arm-none-eabi/11.1.0/thumb\libgcc.a(unwind-arm.o)
 .ARM.exidx.text.restore_non_core_regs
                0x00000000080046a8        0x8 d:/devkitpro/devkitarm/bin/../lib/gcc/arm-none-eabi/11.1.0/thumb\libgcc.a(unwind-arm.o)
 .ARM.exidx.text._Unwind_decode_typeinfo_ptr.constprop.0
                0x00000000080046b0        0x8 d:/devkitpro/devkitarm/bin/../lib/gcc/arm-none-eabi/11.1.0/thumb\libgcc.a(unwind-arm.o)
 .ARM.exidx.text._Unwind_DebugHook
                0x00000000080046b8        0x0 d:/devkitpro/devkitarm/bin/../lib/gcc/arm-none-eabi/11.1.0/thumb\libgcc.a(unwind-arm.o)
                                          0x8 (size before relaxing)
 .ARM.exidx.text.unwind_phase2
                0x00000000080046b8        0x8 d:/devkitpro/devkitarm/bin/../lib/gcc/arm-none-eabi/11.1.0/thumb\libgcc.a(unwind-arm.o)
 .ARM.exidx.text.unwind_phase2_forced
                0x00000000080046c0        0x8 d:/devkitpro/devkitarm/bin/../lib/gcc/arm-none-eabi/11.1.0/thumb\libgcc.a(unwind-arm.o)
 .ARM.exidx.text.__gnu_Unwind_RaiseException
                0x00000000080046c8        0x8 d:/devkitpro/devkitarm/bin/../lib/gcc/arm-none-eabi/11.1.0/thumb\libgcc.a(unwind-arm.o)
 .ARM.exidx.text.__gnu_Unwind_ForcedUnwind
                0x00000000080046d0        0x8 d:/devkitpro/devkitarm/bin/../lib/gcc/arm-none-eabi/11.1.0/thumb\libgcc.a(unwind-arm.o)
 .ARM.exidx.text.__gnu_Unwind_Resume
                0x00000000080046d8        0x8 d:/devkitpro/devkitarm/bin/../lib/gcc/arm-none-eabi/11.1.0/thumb\libgcc.a(unwind-arm.o)
 .ARM.exidx.text.__gnu_Unwind_Resume_or_Rethrow
                0x00000000080046e0        0x8 d:/devkitpro/devkitarm/bin/../lib/gcc/arm-none-eabi/11.1.0/thumb\libgcc.a(unwind-arm.o)
 .ARM.exidx.text._Unwind_Complete
                0x00000000080046e8        0x8 d:/devkitpro/devkitarm/bin/../lib/gcc/arm-none-eabi/11.1.0/thumb\libgcc.a(unwind-arm.o)
 .ARM.exidx.text._Unwind_DeleteException
                0x00000000080046f0        0x8 d:/devkitpro/devkitarm/bin/../lib/gcc/arm-none-eabi/11.1.0/thumb\libgcc.a(unwind-arm.o)
 .ARM.exidx.text._Unwind_VRS_Get
                0x00000000080046f8        0x8 d:/devkitpro/devkitarm/bin/../lib/gcc/arm-none-eabi/11.1.0/thumb\libgcc.a(unwind-arm.o)
 .ARM.exidx.text._Unwind_GetGR
                0x0000000008004700        0x0 d:/devkitpro/devkitarm/bin/../lib/gcc/arm-none-eabi/11.1.0/thumb\libgcc.a(unwind-arm.o)
                                          0x8 (size before relaxing)
 .ARM.exidx.text._Unwind_VRS_Set
                0x0000000008004700        0x0 d:/devkitpro/devkitarm/bin/../lib/gcc/arm-none-eabi/11.1.0/thumb\libgcc.a(unwind-arm.o)
                                          0x8 (size before relaxing)
 .ARM.exidx.text._Unwind_SetGR
                0x0000000008004700        0x0 d:/devkitpro/devkitarm/bin/../lib/gcc/arm-none-eabi/11.1.0/thumb\libgcc.a(unwind-arm.o)
                                          0x8 (size before relaxing)
 .ARM.exidx.text.__gnu_Unwind_Backtrace
                0x0000000008004700        0x8 d:/devkitpro/devkitarm/bin/../lib/gcc/arm-none-eabi/11.1.0/thumb\libgcc.a(unwind-arm.o)
 .ARM.exidx.text.__gnu_unwind_pr_common
                0x0000000008004708        0x8 d:/devkitpro/devkitarm/bin/../lib/gcc/arm-none-eabi/11.1.0/thumb\libgcc.a(unwind-arm.o)
 .ARM.exidx.text.__aeabi_unwind_cpp_pr0
                0x0000000008004710        0x8 d:/devkitpro/devkitarm/bin/../lib/gcc/arm-none-eabi/11.1.0/thumb\libgcc.a(unwind-arm.o)
 .ARM.exidx.text.__aeabi_unwind_cpp_pr1
                0x0000000008004718        0x0 d:/devkitpro/devkitarm/bin/../lib/gcc/arm-none-eabi/11.1.0/thumb\libgcc.a(unwind-arm.o)
                                          0x8 (size before relaxing)
 .ARM.exidx.text.__aeabi_unwind_cpp_pr2
                0x0000000008004718        0x0 d:/devkitpro/devkitarm/bin/../lib/gcc/arm-none-eabi/11.1.0/thumb\libgcc.a(unwind-arm.o)
                                          0x8 (size before relaxing)
 .ARM.exidx.text._Unwind_VRS_Pop
                0x0000000008004718       0x10 d:/devkitpro/devkitarm/bin/../lib/gcc/arm-none-eabi/11.1.0/thumb\libgcc.a(unwind-arm.o)
                                          0x8 (size before relaxing)
 .ARM.exidx.text.next_unwind_byte
                0x0000000008004728        0x0 d:/devkitpro/devkitarm/bin/../lib/gcc/arm-none-eabi/11.1.0/thumb\libgcc.a(pr-support.o)
                                          0x8 (size before relaxing)
 .ARM.exidx.text._Unwind_GetGR.constprop.0
                0x0000000008004728        0x8 d:/devkitpro/devkitarm/bin/../lib/gcc/arm-none-eabi/11.1.0/thumb\libgcc.a(pr-support.o)
 .ARM.exidx.text.unwind_UCB_from_context
                0x0000000008004730        0x8 d:/devkitpro/devkitarm/bin/../lib/gcc/arm-none-eabi/11.1.0/thumb\libgcc.a(pr-support.o)
 .ARM.exidx.text.__gnu_unwind_execute
                0x0000000008004738        0x8 d:/devkitpro/devkitarm/bin/../lib/gcc/arm-none-eabi/11.1.0/thumb\libgcc.a(pr-support.o)
 .ARM.exidx.text.__gnu_unwind_frame
                0x0000000008004740        0x8 d:/devkitpro/devkitarm/bin/../lib/gcc/arm-none-eabi/11.1.0/thumb\libgcc.a(pr-support.o)
 .ARM.exidx.text._Unwind_GetRegionStart
                0x0000000008004748        0x8 d:/devkitpro/devkitarm/bin/../lib/gcc/arm-none-eabi/11.1.0/thumb\libgcc.a(pr-support.o)
 .ARM.exidx.text._Unwind_GetLanguageSpecificData
                0x0000000008004750        0x0 d:/devkitpro/devkitarm/bin/../lib/gcc/arm-none-eabi/11.1.0/thumb\libgcc.a(pr-support.o)
                                          0x8 (size before relaxing)
 .ARM.exidx.text.unlikely._Unwind_GetDataRelBase
                0x0000000008004750        0x8 d:/devkitpro/devkitarm/bin/../lib/gcc/arm-none-eabi/11.1.0/thumb\libgcc.a(pr-support.o)
 .ARM.exidx.text.unlikely._Unwind_GetTextRelBase
                0x0000000008004758        0x0 d:/devkitpro/devkitarm/bin/../lib/gcc/arm-none-eabi/11.1.0/thumb\libgcc.a(pr-support.o)
                                          0x8 (size before relaxing)
                0x0000000008004758                __exidx_end = .

.ctors          0x0000000008004758        0x0
 *crtbegin.o(.ctors)
 *(EXCLUDE_FILE(*crtend.o) .ctors)
 *(SORT_BY_NAME(.ctors.*))
 *(.ctors)
                0x0000000008004758                . = ALIGN (0x4)

.dtors          0x0000000008004758        0x0
 *crtbegin.o(.dtors)
 *(EXCLUDE_FILE(*crtend.o) .dtors)
 *(SORT_BY_NAME(.dtors.*))
 *(.dtors)
                0x0000000008004758                . = ALIGN (0x4)

.eh_frame       0x0000000008004758        0x4
 *(.eh_frame)
 .eh_frame      0x0000000008004758        0x0 d:/devkitpro/devkitarm/bin/../lib/gcc/arm-none-eabi/11.1.0/thumb/crtbegin.o
 .eh_frame      0x0000000008004758        0x4 d:/devkitpro/devkitarm/bin/../lib/gcc/arm-none-eabi/11.1.0/thumb/crtend.o
                0x000000000800475c                . = ALIGN (0x4)

.rel.dyn        0x000000000800475c        0x0
 .rel.iplt      0x000000000800475c        0x0 d:/devkitpro/devkitarm/bin/../lib/gcc/arm-none-eabi/11.1.0/../../../../arm-none-eabi/lib/thumb/gba_crt0.o

.gcc_except_table
                0x000000000800475c        0x0
 *(.gcc_except_table)
                0x000000000800475c                . = ALIGN (0x4)
                0x000000000800475c                __iwram_lma = .

.iwram          0x0000000003000000        0x0 load address 0x000000000800475c
                0x0000000003000000                __iwram_start__ = ABSOLUTE (.)
 *(.iwram .iwram*)
 *iwram.*(.text* .data*)
                0x0000000003000000                . = ALIGN (0x4)
                0x0000000003000000                __iwram_end__ = ABSOLUTE (.)
                0x000000000800475c                __data_lma = (__iwram_lma + SIZEOF (.iwram))

.bss            0x0000000003000000       0xe0
                0x0000000003000000                __bss_start = ABSOLUTE (.)
                0x0000000003000000                __bss_start__ = ABSOLUTE (.)
 *(.dynbss)
 *(.gnu.linkonce.b*)
 *(.bss*)
 .bss.completed.1
                0x0000000003000000        0x1 d:/devkitpro/devkitarm/bin/../lib/gcc/arm-none-eabi/11.1.0/thumb/crtbegin.o
 *fill*         0x0000000003000001        0x3 
 .bss.object.0  0x0000000003000004       0x18 d:/devkitpro/devkitarm/bin/../lib/gcc/arm-none-eabi/11.1.0/thumb/crtbegin.o
 .bss           0x000000000300001c        0xa D:/devkitPro/libgba/lib\libgba.a(input.o)
 *fill*         0x0000000003000026        0x2 
 .bss._ZN12_GLOBAL__N_114emergency_poolE
                0x0000000003000028       0x10 d:/devkitpro/devkitarm/bin/../lib/gcc/arm-none-eabi/11.1.0/../../../../arm-none-eabi/lib/thumb\libstdc++.a(eh_alloc.o)
 .bss._ZL10eh_globals
                0x0000000003000038        0xc d:/devkitpro/devkitarm/bin/../lib/gcc/arm-none-eabi/11.1.0/../../../../arm-none-eabi/lib/thumb\libstdc++.a(eh_globals.o)
 .bss._ZNSs4_Rep20_S_empty_rep_storageE
                0x0000000003000044       0x10 d:/devkitpro/devkitarm/bin/../lib/gcc/arm-none-eabi/11.1.0/../../../../arm-none-eabi/lib/thumb\libstdc++.a(cow-string-inst.o)
                0x0000000003000044                std::string::_Rep::_S_empty_rep_storage
 .bss._ZN12_GLOBAL__N_113__new_handlerE
                0x0000000003000054        0x4 d:/devkitpro/devkitarm/bin/../lib/gcc/arm-none-eabi/11.1.0/../../../../arm-none-eabi/lib/thumb\libstdc++.a(new_handler.o)
 .bss.__malloc_current_mallinfo
                0x0000000003000058       0x28 d:/devkitpro/devkitarm/bin/../lib/gcc/arm-none-eabi/11.1.0/../../../../arm-none-eabi/lib/thumb\libg.a(lib_a-mallocr.o)
                0x0000000003000058                __malloc_current_mallinfo
 .bss.__malloc_max_sbrked_mem
                0x0000000003000080        0x4 d:/devkitpro/devkitarm/bin/../lib/gcc/arm-none-eabi/11.1.0/../../../../arm-none-eabi/lib/thumb\libg.a(lib_a-mallocr.o)
                0x0000000003000080                __malloc_max_sbrked_mem
 .bss.__malloc_max_total_mem
                0x0000000003000084        0x4 d:/devkitpro/devkitarm/bin/../lib/gcc/arm-none-eabi/11.1.0/../../../../arm-none-eabi/lib/thumb\libg.a(lib_a-mallocr.o)
                0x0000000003000084                __malloc_max_total_mem
 .bss.__malloc_top_pad
                0x0000000003000088        0x4 d:/devkitpro/devkitarm/bin/../lib/gcc/arm-none-eabi/11.1.0/../../../../arm-none-eabi/lib/thumb\libg.a(lib_a-mallocr.o)
                0x0000000003000088                __malloc_top_pad
 .bss.heap_start.0
                0x000000000300008c        0x4 d:/devkitpro/devkitarm/bin/../lib/gcc/arm-none-eabi/11.1.0/../../../../arm-none-eabi/lib/thumb\libsysbase.a(sbrk.o)
 .bss.fake_heap_end
                0x0000000003000090        0x4 d:/devkitpro/devkitarm/bin/../lib/gcc/arm-none-eabi/11.1.0/../../../../arm-none-eabi/lib/thumb\libsysbase.a(malloc_vars.o)
                0x0000000003000090                fake_heap_end
 .bss.fake_heap_start
                0x0000000003000094        0x4 d:/devkitpro/devkitarm/bin/../lib/gcc/arm-none-eabi/11.1.0/../../../../arm-none-eabi/lib/thumb\libsysbase.a(malloc_vars.o)
                0x0000000003000094                fake_heap_start
 .bss.__syscalls
                0x0000000003000098       0x48 d:/devkitpro/devkitarm/bin/../lib/gcc/arm-none-eabi/11.1.0/../../../../arm-none-eabi/lib/thumb\libsysbase.a(syscall_support.o)
                0x0000000003000098                __syscalls
 *(COMMON)
                0x00000000030000e0                . = ALIGN (0x4)
                0x00000000030000e0                __bss_end__ = ABSOLUTE (.)

.data           0x00000000030000e0      0x898 load address 0x000000000800475c
                0x00000000030000e0                __data_start__ = ABSOLUTE (.)
 *(.data*)
 .data          0x00000000030000e0        0x8 main.o
                0x00000000030000e0                buffer
                0x00000000030000e4                cartRam
 .data          0x00000000030000e8        0x3 D:/devkitPro/libgba/lib\libgba.a(input.o)
 *fill*         0x00000000030000eb        0x1 ff
 .data._ZN10__cxxabiv120__unexpected_handlerE
                0x00000000030000ec        0x4 d:/devkitpro/devkitarm/bin/../lib/gcc/arm-none-eabi/11.1.0/../../../../arm-none-eabi/lib/thumb\libstdc++.a(eh_unex_handler.o)
                0x00000000030000ec                __cxxabiv1::__unexpected_handler
 .data._ZN10__cxxabiv119__terminate_handlerE
                0x00000000030000f0        0x4 d:/devkitpro/devkitarm/bin/../lib/gcc/arm-none-eabi/11.1.0/../../../../arm-none-eabi/lib/thumb\libstdc++.a(eh_term_handler.o)
                0x00000000030000f0                __cxxabiv1::__terminate_handler
 .data.__malloc_av_
                0x00000000030000f4      0x408 d:/devkitpro/devkitarm/bin/../lib/gcc/arm-none-eabi/11.1.0/../../../../arm-none-eabi/lib/thumb\libg.a(lib_a-mallocr.o)
                0x00000000030000f4                __malloc_av_
 .data.__malloc_sbrk_base
                0x00000000030004fc        0x4 d:/devkitpro/devkitarm/bin/../lib/gcc/arm-none-eabi/11.1.0/../../../../arm-none-eabi/lib/thumb\libg.a(lib_a-mallocr.o)
                0x00000000030004fc                __malloc_sbrk_base
 .data.__malloc_trim_threshold
                0x0000000003000500        0x4 d:/devkitpro/devkitarm/bin/../lib/gcc/arm-none-eabi/11.1.0/../../../../arm-none-eabi/lib/thumb\libg.a(lib_a-mallocr.o)
                0x0000000003000500                __malloc_trim_threshold
 .data.__malloc_recursive_mutex
                0x0000000003000504        0xc d:/devkitpro/devkitarm/bin/../lib/gcc/arm-none-eabi/11.1.0/../../../../arm-none-eabi/lib/thumb\libg.a(lib_a-mlock.o)
 .data._impure_ptr
                0x0000000003000510        0x4 d:/devkitpro/devkitarm/bin/../lib/gcc/arm-none-eabi/11.1.0/../../../../arm-none-eabi/lib/thumb\libg.a(lib_a-impure.o)
                0x0000000003000510                _impure_ptr
 *fill*         0x0000000003000514        0x4 ff
 .data.impure_data
                0x0000000003000518      0x460 d:/devkitpro/devkitarm/bin/../lib/gcc/arm-none-eabi/11.1.0/../../../../arm-none-eabi/lib/thumb\libg.a(lib_a-impure.o)
 *(.gnu.linkonce.d*)
                0x0000000003000978                . = ALIGN (0x4)
                0x0000000008004ff4                __preinit_lma = (__data_lma + SIZEOF (.data))

.igot.plt       0x0000000003000978        0x0 load address 0x0000000008004ff4
 .igot.plt      0x0000000003000978        0x0 d:/devkitpro/devkitarm/bin/../lib/gcc/arm-none-eabi/11.1.0/../../../../arm-none-eabi/lib/thumb/gba_crt0.o

.preinit_array  0x0000000003000978        0x0 load address 0x0000000008004ff4
                0x0000000003000978                __preinit_array_start = ABSOLUTE (.)
 *(.preinit_array)
                0x0000000003000978                __preinit_array_end = ABSOLUTE (.)
                0x0000000008004ff4                __init_lma = (__preinit_lma + SIZEOF (.preinit_array))

.init_array     0x0000000003000978        0x8 load address 0x0000000008004ff4
                0x0000000003000978                __init_array_start = ABSOLUTE (.)
 *(SORT_BY_NAME(.init_array.*))
 *(.init_array)
 .init_array    0x0000000003000978        0x4 d:/devkitpro/devkitarm/bin/../lib/gcc/arm-none-eabi/11.1.0/thumb/crtbegin.o
 .init_array    0x000000000300097c        0x4 d:/devkitpro/devkitarm/bin/../lib/gcc/arm-none-eabi/11.1.0/../../../../arm-none-eabi/lib/thumb\libstdc++.a(eh_alloc.o)
                0x0000000003000980                __init_array_end = ABSOLUTE (.)
                0x0000000008004ffc                __fini_lma = (__init_lma + SIZEOF (.init_array))

.fini_array     0x0000000003000980        0x4 load address 0x0000000008004ffc
                0x0000000003000980                __fini_array_start = ABSOLUTE (.)
 *(SORT_BY_NAME(.fini_array.*))
 *(.fini_array)
 .fini_array    0x0000000003000980        0x4 d:/devkitpro/devkitarm/bin/../lib/gcc/arm-none-eabi/11.1.0/thumb/crtbegin.o
                0x0000000003000984                __fini_array_end = ABSOLUTE (.)
                0x0000000008005000                __jcr_lma = (__fini_lma + SIZEOF (.fini_array))

.jcr            0x0000000003000984        0x0 load address 0x0000000008005000
 *(.jcr)
                0x0000000003000984                __data_end__ = ABSOLUTE (.)
                0x0000000008005000                __iwram_overlay_lma = (__jcr_lma + SIZEOF (.jcr))
                0x0000000003000984                __iwram_overlay_start = .

.iwram0         0x0000000003000984        0x0 load address 0x0000000008005000
 *(.iwram0)
                0x0000000003000984                . = ALIGN (0x4)
                0x0000000008005000                PROVIDE (__load_start_iwram0 = LOADADDR (.iwram0))
                0x0000000008005000                PROVIDE (__load_stop_iwram0 = (LOADADDR (.iwram0) + SIZEOF (.iwram0)))

.iwram1         0x0000000003000984        0x0
 *(.iwram1)
                0x0000000003000984                . = ALIGN (0x4)
                [!provide]                        PROVIDE (__load_start_iwram1 = LOADADDR (.iwram1))
                [!provide]                        PROVIDE (__load_stop_iwram1 = (LOADADDR (.iwram1) + SIZEOF (.iwram1)))

.iwram2         0x0000000003000984        0x0
 *(.iwram2)
                0x0000000003000984                . = ALIGN (0x4)
                [!provide]                        PROVIDE (__load_start_iwram2 = LOADADDR (.iwram2))
                [!provide]                        PROVIDE (__load_stop_iwram2 = (LOADADDR (.iwram2) + SIZEOF (.iwram2)))

.iwram3         0x0000000003000984        0x0
 *(.iwram3)
                0x0000000003000984                . = ALIGN (0x4)
                [!provide]                        PROVIDE (__load_start_iwram3 = LOADADDR (.iwram3))
                [!provide]                        PROVIDE (__load_stop_iwram3 = (LOADADDR (.iwram3) + SIZEOF (.iwram3)))

.iwram4         0x0000000003000984        0x0
 *(.iwram4)
                0x0000000003000984                . = ALIGN (0x4)
                [!provide]                        PROVIDE (__load_start_iwram4 = LOADADDR (.iwram4))
                [!provide]                        PROVIDE (__load_stop_iwram4 = (LOADADDR (.iwram4) + SIZEOF (.iwram4)))

.iwram5         0x0000000003000984        0x0
 *(.iwram5)
                0x0000000003000984                . = ALIGN (0x4)
                [!provide]                        PROVIDE (__load_start_iwram5 = LOADADDR (.iwram5))
                [!provide]                        PROVIDE (__load_stop_iwram5 = (LOADADDR (.iwram5) + SIZEOF (.iwram5)))

.iwram6         0x0000000003000984        0x0